---
source: tests/tests.rs
description: generate isa for matmul
---
[
    (
        14,
        1,
        "(+ (cast<int32> ?x0) (cast<int32> 1))",
    ),
    (
        15,
        1,
        "(+ (cast<int32> ?x0) (cast<int32> 2))",
    ),
    (
        17,
        1,
        "(+ (cast<int32> ?x0) (cast<int32> 32))",
    ),
    (
        31,
        1,
        "(+ ?x0 ?x1)",
    ),
    (
        32,
        1,
        "(- (cast<int32> ?x0) (cast<int32> ?x1))",
    ),
    (
        40,
        1,
        "(* (cast<int32> (+ (cast<int32> ?x0) (cast<int32> 2))) (cast<int32> ?x1))",
    ),
    (
        41,
        1,
        "(* (cast<int32> (+ (cast<int32> ?x0) (cast<int32> 3))) (cast<int32> ?x1))",
    ),
    (
        60,
        1,
        "(if ?x0 (cast<bool> ?x1))",
    ),
    (
        63,
        1,
        "(get ?x0 (cast<int32> (+ (cast<int32> ?x1) (cast<int32> ?x2))))",
    ),
    (
        0,
        2,
        "(neg (cast<int32> ?x0))",
    ),
    (
        2,
        2,
        "(+ (cast<int32> (* (cast<int32> (+ (cast<int32> (* (cast<int32> ?x0) (cast<int32> 4))) (cast<int32> 1))) (cast<int32> ?x1))) (cast<int32> ?x2))",
    ),
    (
        3,
        2,
        "(+ (cast<int32> (* (cast<int32> (+ (cast<int32> (* (cast<int32> ?x0) (cast<int32> 4))) (cast<int32> 2))) (cast<int32> ?x1))) (cast<int32> ?x2))",
    ),
    (
        4,
        2,
        "(+ (cast<int32> (* (cast<int32> (+ (cast<int32> (* (cast<int32> ?x0) (cast<int32> 4))) (cast<int32> 3))) (cast<int32> ?x1))) (cast<int32> ?x2))",
    ),
    (
        37,
        2,
        "(* (cast<int32> (+ (cast<int32> (* (cast<int32> ?x0) (cast<int32> ?x1))) (cast<int32> ?x2))) (cast<int32> 4))",
    ),
    (
        49,
        2,
        "(* (cast<int32> ?x0) (cast<int32> ?x1))",
    ),
    (
        59,
        2,
        "(if (cast<uint32x128> (get ?#1 (cast<int32x128> (call[ramp] (cast<int32> 0) (cast<int32> 1) (cast<int32> 128))))) (cast<bool> ?x0))",
    ),
    (
        64,
        2,
        "(get ?x0 (cast<int32> ?x1))",
    ),
    (
        39,
        3,
        "(* (cast<int32> (+ (cast<int32> ?x0) (cast<int32> 1))) (cast<int32> ?x1))",
    ),
    (
        45,
        3,
        "(* (cast<int32> ?x0) (cast<int32> 32))",
    ),
    (
        52,
        3,
        "(/ (cast<int32> ?x0) (cast<int32> 4))",
    ),
    (
        53,
        3,
        "(/ (cast<int32> ?x0) (cast<int32> ?x1))",
    ),
    (
        58,
        3,
        "(== (cast<int32> ?x0) (cast<int32> 0))",
    ),
    (
        61,
        3,
        "(:: ?#1 ?x0)",
    ),
    (
        66,
        3,
        "(get ?x0 (cast<int32x128> (call[ramp] (cast<int32> (+ (cast<int32> (* (cast<int32> ?x1) (cast<int32> ?x2))) (cast<int32> ?x3))) (cast<int32> 1) (cast<int32> 128))))",
    ),
    (
        11,
        4,
        "(+ (cast<int32> (* (cast<int32> ?x0) (cast<int32> 4))) (cast<int32> ?x1))",
    ),
    (
        20,
        4,
        "(+ (cast<int32x128> (call[rounding_shift_right] (cast<int32x128> (call[rounding_mul_shift_right] (cast<unknown> (+ (cast<unknown> (+ (cast<int32x128> (* (cast<int32x128> (call[int32x128] (cast<uint8x128> (get ?#6 (cast<int32x128> (call[ramp] (cast<int32> ?#7) (cast<int32> 1) (cast<int32> 128))))))) (cast<int32x128> (call[x128] (cast<int32> ?x0))))) (cast<unknown> (+ (cast<uint8x128> (get ?#8 (cast<int32x128> (call[ramp] (cast<int32> ?#9) (cast<int32> 1) (cast<int32> 128))))) (cast<int32x128> (call[int32x128] (cast<uint32x128> (get ?#10 (cast<int32x128> (call[ramp] (cast<int32> ?x1) (cast<int32> 1) (cast<int32> 128))))))))))) (cast<int32x128> (call[x128] (cast<int32> (+ (cast<int32> (* (cast<int32> (* (cast<int32> ?x0) (cast<int32> ?x2))) (cast<int32> ?#11))) (cast<int32> (* (cast<int32> ?x2) (cast<int32> (call[int32] (cast<uint8> (get ?#12 (cast<int32> (+ (cast<int32> (* (cast<int32> (- (cast<int32> ?#13) (cast<int32> ?#14))) (cast<int32> 4))) (cast<int32> ?x3))))))))))))))) (cast<int32x128> (call[x128] (cast<int32> ?#15))) (cast<uint32x128> (call[x128] (cast<uint32> 31))))) (cast<int32x128> (call[x128] (cast<int32> ?#16))))) (cast<int32x128> (call[x128] (cast<int32> ?#17))))",
    ),
    (
        22,
        4,
        "(+ (cast<uint32x128> (+ (cast<uint32x128> (get ?#9 (cast<int32x128> (call[ramp] (cast<int32> ?x0) (cast<int32> 1) (cast<int32> 128))))) (cast<uint32x128> (call[widening_add] (cast<uint16x128> (call[widening_mul] (cast<uint8x128> (call[slice_vectors] (cast<uint8x512> ?x1) (cast<int32> 0) (cast<int32> 4) (cast<int32> 128))) (cast<uint8x128> (call[x128] (cast<uint8> (get ?#10 (cast<int32> ?x2))))))) (cast<uint16x128> (call[widening_mul] (cast<uint8x128> (call[slice_vectors] (cast<uint8x512> ?x1) (cast<int32> 1) (cast<int32> 4) (cast<int32> 128))) (cast<uint8x128> (call[x128] (cast<uint8> (get ?#11 (cast<int32> (+ (cast<int32> ?x2) (cast<int32> 1))))))))))))) (cast<uint32x128> (call[widening_add] (cast<uint16x128> (call[widening_mul] (cast<uint8x128> (call[slice_vectors] (cast<uint8x512> ?x1) (cast<int32> 2) (cast<int32> 4) (cast<int32> 128))) (cast<uint8x128> (call[x128] (cast<uint8> (get ?#12 (cast<int32> (+ (cast<int32> ?x2) (cast<int32> 2))))))))) (cast<uint16x128> (call[widening_mul] (cast<uint8x128> (call[slice_vectors] (cast<uint8x512> ?x1) (cast<int32> 3) (cast<int32> 4) (cast<int32> 128))) (cast<uint8x128> (call[x128] (cast<uint8> (get ?#13 (cast<int32> (+ (cast<int32> ?x2) (cast<int32> 3))))))))))))",
    ),
    (
        55,
        4,
        "(<= (cast<int32> ?x0) (cast<int32> ?x1))",
    ),
    (
        65,
        4,
        "(get ?x0 (cast<int32x128> (call[ramp] (cast<int32> 0) (cast<int32> 1) (cast<int32> 128))))",
    ),
    (
        67,
        4,
        "(get ?x0 (cast<int32x128> (call[ramp] (cast<int32> ?x1) (cast<int32> 1) (cast<int32> 128))))",
    ),
    (
        68,
        4,
        "(get ?x0 ?x1)",
    ),
    (
        47,
        5,
        "(* (cast<int32> ?x0) (cast<int32> 512))",
    ),
    (
        56,
        5,
        "(<= (cast<int32x128> (call[ramp] (cast<int32> (+ (cast<int32> ?x0) (cast<int32> 1))) (cast<int32> 1) (cast<int32> 128))) (cast<int32x128> (call[x128] (cast<int32> ?x1))))",
    ),
    (
        44,
        6,
        "(* (cast<int32> ?x0) (cast<int32> 4))",
    ),
    (
        18,
        8,
        "(+ (cast<int32> ?x0) (cast<int32> ?x1))",
    ),
    (
        46,
        15,
        "(* (cast<int32> ?x0) (cast<int32> 128))",
    ),
]
