---
source: tests/tests.rs
description: generate isa for conv3x3a16
---
[
    (
        68,
        1,
        "(+ (cast<int16x128> (call[widening_mul] (cast<uint8x128> (get ?#17 (cast<int32x128> (call[ramp] (cast<int32> (+ (cast<int32> (* (cast<int32> ?x0) (cast<int32> 128))) (cast<int32> ?x1))) (cast<int32> 1) (cast<int32> 128))))) (cast<uint8x128> (call[x128] (cast<uint8> (get ?#18 (cast<int32> 1))))))) (cast<int16x128> (+ (cast<int16x128> (call[widening_mul] (cast<uint8x128> (get ?#19 (cast<int32x128> (call[ramp] (cast<int32> ?x2) (cast<int32> 1) (cast<int32> 128))))) (cast<uint8x128> (call[x128] (cast<uint8> (get ?#20 (cast<int32> 0))))))) (cast<int16x128> (+ (cast<int16x128> (call[widening_mul] (cast<uint8x128> (get ?#21 (cast<int32x128> (call[ramp] (cast<int32> (+ (cast<int32> (* (cast<int32> ?x0) (cast<int32> 128))) (cast<int32> ?x3))) (cast<int32> 1) (cast<int32> 128))))) (cast<uint8x128> (call[x128] (cast<uint8> (get ?#22 (cast<int32> 2))))))) (cast<int16x128> (+ (cast<int16x128> (call[widening_mul] (cast<uint8x128> (get ?#23 (cast<int32x128> (call[ramp] (cast<int32> (+ (cast<int32> (* (cast<int32> ?x4) (cast<int32> 128))) (cast<int32> ?x5))) (cast<int32> 1) (cast<int32> 128))))) (cast<uint8x128> (call[x128] (cast<uint8> (get ?#24 (cast<int32> 3))))))) (cast<int16x128> (+ (cast<int16x128> (call[widening_mul] (cast<uint8x128> (get ?#25 (cast<int32x128> (call[ramp] (cast<int32> (+ (cast<int32> (* (cast<int32> ?x4) (cast<int32> 128))) (cast<int32> ?x6))) (cast<int32> 1) (cast<int32> 128))))) (cast<uint8x128> (call[x128] (cast<uint8> (get ?#26 (cast<int32> 4))))))) (cast<int16x128> (+ (cast<int16x128> (call[widening_mul] (cast<uint8x128> (get ?#27 (cast<int32x128> (call[ramp] (cast<int32> (+ (cast<int32> (* (cast<int32> ?x4) (cast<int32> 128))) (cast<int32> ?x7))) (cast<int32> 1) (cast<int32> 128))))) (cast<uint8x128> (call[x128] (cast<uint8> (get ?#28 (cast<int32> 5))))))) (cast<int16x128> (+ (cast<int16x128> (call[widening_mul] (cast<uint8x128> (get ?#29 (cast<int32x128> (call[ramp] (cast<int32> (+ (cast<int32> (* (cast<int32> ?x8) (cast<int32> 128))) (cast<int32> ?x9))) (cast<int32> 1) (cast<int32> 128))))) (cast<uint8x128> (call[x128] (cast<uint8> (get ?#30 (cast<int32> 6))))))) (cast<int16x128> (+ (cast<int16x128> (call[widening_mul] (cast<uint8x128> (get ?#31 (cast<int32x128> (call[ramp] (cast<int32> (+ (cast<int32> (* (cast<int32> ?x8) (cast<int32> 128))) (cast<int32> ?x10))) (cast<int32> 1) (cast<int32> 128))))) (cast<uint8x128> (call[x128] (cast<uint8> (get ?#32 (cast<int32> 8))))))) (cast<int16x128> (call[widening_mul] (cast<uint8x128> (get ?#33 (cast<int32x128> (call[ramp] (cast<int32> (+ (cast<int32> (* (cast<int32> ?x8) (cast<int32> 128))) (cast<int32> ?x11))) (cast<int32> 1) (cast<int32> 128))))) (cast<uint8x128> (call[x128] (cast<uint8> (get ?#34 (cast<int32> 7))))))))))))))))))))))",
    ),
    (
        86,
        1,
        "(+ (cast<int32> (- (cast<int32> ?x0) (cast<int32> ?x1))) (cast<int32> ?x2))",
    ),
    (
        87,
        1,
        "(+ (cast<int32> (* (cast<int32> (+ (cast<int32> ?#1) (cast<int32> ?x0))) (cast<int32> 4))) (cast<int32> 8))",
    ),
    (
        105,
        1,
        "(+ (cast<int32> (call[max] (cast<int32> (- (cast<int32> (call[min] (cast<int32> (+ (cast<int32> ?x0) (cast<int32> ?x1))) (cast<int32> ?#4))) (cast<int32> ?x2))) (cast<int32> ?x3))) (cast<int32> 1))",
    ),
    (
        107,
        1,
        "(+ (cast<int32> (call[max] (cast<int32> ?x0) (cast<int32> ?x1))) (cast<int32> ?x2))",
    ),
    (
        110,
        1,
        "(+ (cast<int32> ?x0) (cast<int32> 2))",
    ),
    (
        111,
        1,
        "(+ (cast<int32> ?x0) (cast<int32> 3))",
    ),
    (
        115,
        1,
        "(+ (cast<int32> ?x0) (cast<int32> 128))",
    ),
    (
        116,
        1,
        "(+ (cast<int32> ?x0) (cast<int32> (neg (cast<int32> 1))))",
    ),
    (
        127,
        1,
        "(- (cast<int32> ?x0) (cast<int32> ?x1))",
    ),
    (
        131,
        1,
        "(* (cast<int32> (+ (cast<int32> ?x0) (cast<int32> 1))) (cast<int32> ?x1))",
    ),
    (
        142,
        1,
        "(get ?x0 (cast<int32x128> (call[ramp] (cast<int32> ?x1) (cast<int32> 1) (cast<int32> 128))))",
    ),
    (
        82,
        2,
        "(+ (cast<int32> (+ (cast<int32> (* (cast<int32> ?x0) (cast<int32> 128))) (cast<int32> ?x1))) (cast<int32> 128))",
    ),
    (
        88,
        2,
        "(+ (cast<int32> (* (cast<int32> (+ (cast<int32> ?#1) (cast<int32> ?x0))) (cast<int32> 4))) (cast<int32> 13))",
    ),
    (
        90,
        2,
        "(+ (cast<int32> (* (cast<int32> ?x0) (cast<int32> 4))) (cast<int32> ?x1))",
    ),
    (
        109,
        2,
        "(+ (cast<int32> ?x0) (cast<int32> 1))",
    ),
    (
        113,
        2,
        "(+ (cast<int32> ?x0) (cast<int32> 6))",
    ),
    (
        117,
        2,
        "(+ (cast<int32> ?x0) (cast<int32> (neg (cast<int32> ?x1))))",
    ),
    (
        126,
        2,
        "(- (cast<int32> ?x0) (cast<int32> (call[max] (cast<int32> (call[min] (cast<int32> ?x1) (cast<int32> ?x2))) (cast<int32> ?x3))))",
    ),
    (
        129,
        2,
        "(* (cast<int32> (+ (cast<int32> (call[max] (cast<int32> (call[min] (cast<int32> (+ (cast<int32> ?x0) (cast<int32> ?x1))) (cast<int32> ?#2))) (cast<int32> 1))) (cast<int32> (neg (cast<int32> 1))))) (cast<int32> ?#3))",
    ),
    (
        138,
        2,
        "(/ (cast<int32> (+ (cast<int32> ?x0) (cast<int32> ?x1))) (cast<int32> 128))",
    ),
    (
        139,
        2,
        "(/ (cast<int32> (+ (cast<int32> ?x0) (cast<int32> ?x1))) (cast<int32> ?x2))",
    ),
    (
        140,
        2,
        "(<= (cast<int32> (call[max] (cast<int32> ?x0) (cast<int32> 1))) (cast<int32> ?x1))",
    ),
    (
        146,
        2,
        "(get ?#1 (cast<int32x128> (+ (cast<int32x128> (call[max] (cast<int32x128> (call[min] (cast<int32x128> (call[ramp] (cast<int32> (+ (cast<int32> (* (cast<int32> ?#2) (cast<int32> 128))) (cast<int32> (neg (cast<int32> 1))))) (cast<int32> 1) (cast<int32> 128))) (cast<int32x128> (call[x128] (cast<int32> (+ (cast<int32> ?#3) (cast<int32> (neg (cast<int32> 1))))))))) (cast<int32x128> (call[x128] (cast<int32> 0))))) (cast<int32x128> (call[x128] (cast<int32> ?x0))))))",
    ),
    (
        160,
        2,
        "(get ?#2 (cast<int32x128> (+ (cast<int32x128> (call[max] (cast<int32x128> (call[min] (cast<int32x128> (call[ramp] (cast<int32> ?x0) (cast<int32> 1) (cast<int32> 128))) (cast<int32x128> (call[x128] (cast<int32> (+ (cast<int32> ?#3) (cast<int32> (neg (cast<int32> 1))))))))) (cast<int32x128> (call[x128] (cast<int32> 0))))) (cast<int32x128> (call[x128] (cast<int32> ?x1))))))",
    ),
    (
        0,
        3,
        "(neg (cast<int32> ?x0))",
    ),
    (
        75,
        3,
        "(+ (cast<int16x128> (call[widening_mul] (cast<uint8x128> (get ?#18 (cast<int32x128> (call[ramp] (cast<int32> (+ (cast<int32> (* (cast<int32> ?x0) (cast<int32> 128))) (cast<int32> ?x1))) (cast<int32> 1) (cast<int32> 128))))) (cast<uint8x128> (call[x128] (cast<uint8> (get ?#19 (cast<int32> 1))))))) (cast<int16x128> (+ (cast<int16x128> (call[widening_mul] (cast<uint8x128> (get ?#20 (cast<int32x128> (call[ramp] (cast<int32> (+ (cast<int32> (* (cast<int32> ?x0) (cast<int32> 128))) (cast<int32> ?x2))) (cast<int32> 1) (cast<int32> 128))))) (cast<uint8x128> (call[x128] (cast<uint8> (get ?#21 (cast<int32> 0))))))) (cast<int16x128> (+ (cast<int16x128> (call[widening_mul] (cast<uint8x128> (get ?#22 (cast<int32x128> (call[ramp] (cast<int32> (+ (cast<int32> (* (cast<int32> ?x0) (cast<int32> 128))) (cast<int32> ?x3))) (cast<int32> 1) (cast<int32> 128))))) (cast<uint8x128> (call[x128] (cast<uint8> (get ?#23 (cast<int32> 2))))))) (cast<int16x128> (+ (cast<int16x128> (call[widening_mul] (cast<uint8x128> (get ?#24 (cast<int32x128> (call[ramp] (cast<int32> (+ (cast<int32> (* (cast<int32> ?x4) (cast<int32> 128))) (cast<int32> ?x5))) (cast<int32> 1) (cast<int32> 128))))) (cast<uint8x128> (call[x128] (cast<uint8> (get ?#25 (cast<int32> 3))))))) (cast<int16x128> (+ (cast<int16x128> (call[widening_mul] (cast<uint8x128> (get ?#26 (cast<int32x128> (call[ramp] (cast<int32> (+ (cast<int32> (* (cast<int32> ?x4) (cast<int32> 128))) (cast<int32> ?x6))) (cast<int32> 1) (cast<int32> 128))))) (cast<uint8x128> (call[x128] (cast<uint8> (get ?#27 (cast<int32> 4))))))) (cast<int16x128> (+ (cast<int16x128> (call[widening_mul] (cast<uint8x128> (get ?#28 (cast<int32x128> (call[ramp] (cast<int32> (+ (cast<int32> (* (cast<int32> ?x4) (cast<int32> 128))) (cast<int32> ?x7))) (cast<int32> 1) (cast<int32> 128))))) (cast<uint8x128> (call[x128] (cast<uint8> (get ?#29 (cast<int32> 5))))))) (cast<int16x128> (+ (cast<int16x128> (call[widening_mul] (cast<uint8x128> (get ?#30 (cast<int32x128> (call[ramp] (cast<int32> (+ (cast<int32> (* (cast<int32> ?x8) (cast<int32> 128))) (cast<int32> ?x9))) (cast<int32> 1) (cast<int32> 128))))) (cast<uint8x128> (call[x128] (cast<uint8> (get ?#31 (cast<int32> 6))))))) (cast<int16x128> (+ (cast<int16x128> (call[widening_mul] (cast<uint8x128> (get ?#32 (cast<int32x128> (call[ramp] (cast<int32> (+ (cast<int32> (* (cast<int32> ?x8) (cast<int32> 128))) (cast<int32> ?x10))) (cast<int32> 1) (cast<int32> 128))))) (cast<uint8x128> (call[x128] (cast<uint8> (get ?#33 (cast<int32> 8))))))) (cast<int16x128> (call[widening_mul] (cast<uint8x128> (get ?#34 (cast<int32x128> (call[ramp] (cast<int32> (+ (cast<int32> (* (cast<int32> ?x8) (cast<int32> 128))) (cast<int32> ?x11))) (cast<int32> 1) (cast<int32> 128))))) (cast<uint8x128> (call[x128] (cast<uint8> (get ?#35 (cast<int32> 7))))))))))))))))))))))",
    ),
    (
        108,
        3,
        "(+ (cast<int32> (call[min] (cast<int32> (call[max] (cast<int32> ?x0) (cast<int32> 1))) (cast<int32> (+ (cast<int32> ?x0) (cast<int32> 6))))) (cast<int32> (neg (cast<int32> 1))))",
    ),
    (
        114,
        3,
        "(+ (cast<int32> ?x0) (cast<int32> 127))",
    ),
    (
        132,
        3,
        "(* (cast<int32> (+ (cast<int32> ?x0) (cast<int32> (neg (cast<int32> 1))))) (cast<int32> ?#1))",
    ),
    (
        112,
        4,
        "(+ (cast<int32> ?x0) (cast<int32> 5))",
    ),
    (
        125,
        4,
        "(- (cast<int32> ?x0) (cast<int32> (call[max] (cast<int32> (call[min] (cast<int32> (* (cast<int32> ?x1) (cast<int32> 4))) (cast<int32> 1))) (cast<int32> (neg (cast<int32> 5))))))",
    ),
    (
        130,
        4,
        "(* (cast<int32> (+ (cast<int32> ?x0) (cast<int32> 1))) (cast<int32> (+ (cast<int32> ?#1) (cast<int32> 128))))",
    ),
    (
        135,
        5,
        "(* (cast<int32> ?x0) (cast<int32> 4))",
    ),
    (
        136,
        5,
        "(* (cast<int32> ?x0) (cast<int32> 128))",
    ),
    (
        137,
        5,
        "(* (cast<int32> ?x0) (cast<int32> ?x1))",
    ),
    (
        103,
        6,
        "(+ (cast<int32> (* (cast<int32> ?x0) (cast<int32> 128))) (cast<int32> ?x1))",
    ),
    (
        133,
        6,
        "(* (cast<int32> (+ (cast<int32> ?x0) (cast<int32> ?x1))) (cast<int32> 4))",
    ),
    (
        104,
        8,
        "(+ (cast<int32> (* (cast<int32> ?x0) (cast<int32> ?x1))) (cast<int32> ?x2))",
    ),
    (
        118,
        12,
        "(+ (cast<int32> ?x0) (cast<int32> ?x1))",
    ),
]
