---
source: tests/tests.rs
description: generate isa for mean
---
[
    (
        14,
        1,
        "(* (cast<int32> (* (cast<int32> ?x0) (cast<int32> ?x1))) (cast<int32> ?x2))",
    ),
    (
        22,
        1,
        "(if ?x0 (cast<bool> ?x1))",
    ),
    (
        8,
        2,
        "(- (cast<int32> (- (cast<int32> (- (cast<int32> (- (cast<int32> (+ (cast<int32> ?#1) (cast<int32> ?x0))) (cast<int32> ?#2))) (cast<int32> ?#3))) (cast<int32> ?#4))) (cast<int32> ?#5))",
    ),
    (
        9,
        2,
        "(- (cast<int32> (- (cast<int32> (- (cast<int32> (- (cast<int32> ?x0) (cast<int32> ?x1))) (cast<int32> ?x2))) (cast<int32> ?x3))) (cast<int32> ?x4))",
    ),
    (
        17,
        2,
        "(/ (cast<int32> ?x0) (cast<int32> ?x1))",
    ),
    (
        18,
        2,
        "(/ (cast<int32x128> (+ (cast<int32x128> (call[int32x128] (cast<uint32x128> ?x0))) (cast<int32x128> (call[x128] (cast<int32> ?#1))))) (cast<int32x128> (call[x128] (cast<int32> ?#2))))",
    ),
    (
        21,
        2,
        "(if (cast<uint32x128> (get ?#1 (cast<int32x128> (call[ramp] (cast<int32> ?#2) (cast<int32> 1) (cast<int32> 128))))) (cast<bool> ?x0))",
    ),
    (
        23,
        2,
        "(get ?x0 (cast<int32x128> (call[ramp] (cast<int32> ?x1) (cast<int32> 1) (cast<int32> 128))))",
    ),
    (
        24,
        2,
        "(get ?#2 (cast<int32x128> (call[ramp] (cast<int32> (+ (cast<int32> (* (cast<int32> (+ (cast<int32> ?#3) (cast<int32> ?x0))) (cast<int32> ?#4))) (cast<int32> ?x1))) (cast<int32> 1) (cast<int32> 128))))",
    ),
    (
        15,
        4,
        "(* (cast<int32> ?x0) (cast<int32> 128))",
    ),
    (
        20,
        4,
        "(<= ?x0 ?x1)",
    ),
    (
        16,
        15,
        "(* (cast<int32> ?x0) (cast<int32> ?x1))",
    ),
    (
        2,
        35,
        "(+ (cast<int32> ?x0) (cast<int32> ?x1))",
    ),
]
