---
source: tests/tests.rs
description: generate isa for sobel3x3
---
[
    (
        4,
        1,
        "(+ (cast<int32> (+ (cast<int32> (* (cast<int32> ?x0) (cast<int32> 128))) (cast<int32> ?x1))) (cast<int32> 127))",
    ),
    (
        9,
        1,
        "(+ (cast<int32> (+ (cast<int32> ?x0) (cast<int32> ?x1))) (cast<int32> 127))",
    ),
    (
        10,
        1,
        "(+ (cast<int32> (+ (cast<int32> ?x0) (cast<int32> ?x1))) (cast<int32> (neg (cast<int32> 1))))",
    ),
    (
        12,
        1,
        "(+ (cast<int32> (- (cast<int32> (- (cast<int32> ?x0) (cast<int32> ?#2))) (cast<int32> ?x1))) (cast<int32> ?#3))",
    ),
    (
        14,
        1,
        "(+ (cast<int32> (* (cast<int32> (+ (cast<int32> ?x0) (cast<int32> (neg (cast<int32> 1))))) (cast<int32> ?#2))) (cast<int32> ?x1))",
    ),
    (
        29,
        1,
        "(+ (cast<int32> (call[max] (cast<int32> (- (cast<int32> (call[min] (cast<int32> (+ (cast<int32> ?x0) (cast<int32> ?x1))) (cast<int32> ?#4))) (cast<int32> ?x2))) (cast<int32> ?x3))) (cast<int32> 1))",
    ),
    (
        31,
        1,
        "(+ (cast<int32> (call[max] (cast<int32> ?x0) (cast<int32> ?x1))) (cast<int32> ?x2))",
    ),
    (
        33,
        1,
        "(+ (cast<int32> (call[min] (cast<int32> ?x0) (cast<int32> (+ (cast<int32> ?x1) (cast<int32> ?x2))))) (cast<int32> (neg (cast<int32> ?x3))))",
    ),
    (
        41,
        1,
        "(+ (cast<int32> ?x0) (cast<int32> 127))",
    ),
    (
        43,
        1,
        "(+ (cast<int32> ?x0) (cast<int32> (neg (cast<int32> 1))))",
    ),
    (
        55,
        1,
        "(- (cast<int32> (- (cast<int32> ?x0) (cast<int32> ?#2))) (cast<int32> ?x1))",
    ),
    (
        72,
        1,
        "(/ (cast<int32> (+ (cast<int32> ?x0) (cast<int32> ?x1))) (cast<int32> ?x2))",
    ),
    (
        74,
        1,
        "(/ (cast<int32> ?x0) (cast<int32> ?x1))",
    ),
    (
        80,
        1,
        "(get ?#1 (cast<int32x128> (call[ramp] (cast<int32> (+ (cast<int32> (* (cast<int32> ?x0) (cast<int32> 128))) (cast<int32> 128))) (cast<int32> 1) (cast<int32> 128))))",
    ),
    (
        81,
        1,
        "(get ?#1 (cast<int32x128> (call[ramp] (cast<int32> (+ (cast<int32> (* (cast<int32> ?x0) (cast<int32> 128))) (cast<int32> 130))) (cast<int32> 1) (cast<int32> 128))))",
    ),
    (
        88,
        1,
        "(get ?#1 (cast<int32x128> (call[ramp] (cast<int32> (+ (cast<int32> (* (cast<int32> ?x0) (cast<int32> 128))) (cast<int32> 512))) (cast<int32> 1) (cast<int32> 128))))",
    ),
    (
        89,
        1,
        "(get ?#1 (cast<int32x128> (call[ramp] (cast<int32> (+ (cast<int32> (* (cast<int32> ?x0) (cast<int32> 128))) (cast<int32> 514))) (cast<int32> 1) (cast<int32> 128))))",
    ),
    (
        91,
        1,
        "(get ?#3 (cast<int32x128> (+ (cast<int32x128> (call[max] (cast<int32x128> (call[min] (cast<int32x128> (call[ramp] (cast<int32> (+ (cast<int32> (+ (cast<int32> (* (cast<int32> ?x0) (cast<int32> 128))) (cast<int32> ?#4))) (cast<int32> ?x1))) (cast<int32> 1) (cast<int32> 128))) (cast<int32x128> (call[x128] (cast<int32> (+ (cast<int32> ?#5) (cast<int32> (neg (cast<int32> 1))))))))) (cast<int32x128> (call[x128] (cast<int32> 0))))) (cast<int32x128> (call[x128] (cast<int32> ?x2))))))",
    ),
    (
        0,
        2,
        "(neg (cast<int32> ?x0))",
    ),
    (
        3,
        2,
        "(+ (cast<int32> (+ (cast<int32> (* (cast<int32> ?x0) (cast<int32> 4))) (cast<int32> ?#2))) (cast<int32> ?x1))",
    ),
    (
        5,
        2,
        "(+ (cast<int32> (+ (cast<int32> (* (cast<int32> ?x0) (cast<int32> 128))) (cast<int32> ?x1))) (cast<int32> 128))",
    ),
    (
        35,
        2,
        "(+ (cast<int32> ?x0) (cast<int32> 2))",
    ),
    (
        36,
        2,
        "(+ (cast<int32> ?x0) (cast<int32> 3))",
    ),
    (
        40,
        2,
        "(+ (cast<int32> ?x0) (cast<int32> 13))",
    ),
    (
        42,
        2,
        "(+ (cast<int32> ?x0) (cast<int32> 128))",
    ),
    (
        44,
        2,
        "(+ (cast<int32> ?x0) (cast<int32> (neg (cast<int32> ?x1))))",
    ),
    (
        54,
        2,
        "(- (cast<int32> 0) (cast<int32> ?x0))",
    ),
    (
        59,
        2,
        "(- (cast<int32> ?x0) (cast<int32> (call[max] (cast<int32> (call[min] (cast<int32> (+ (cast<int32> ?x1) (cast<int32> ?x2))) (cast<int32> ?#4))) (cast<int32> ?x3))))",
    ),
    (
        62,
        2,
        "(* (cast<int32> (+ (cast<int32> (call[max] (cast<int32> (call[min] (cast<int32> (+ (cast<int32> ?x0) (cast<int32> ?x1))) (cast<int32> ?#2))) (cast<int32> 1))) (cast<int32> (neg (cast<int32> 1))))) (cast<int32> ?#3))",
    ),
    (
        63,
        2,
        "(* (cast<int32> (+ (cast<int32> ?x0) (cast<int32> 1))) (cast<int32> ?x1))",
    ),
    (
        64,
        2,
        "(* (cast<int32> (+ (cast<int32> ?x0) (cast<int32> (neg (cast<int32> 1))))) (cast<int32> ?#1))",
    ),
    (
        67,
        2,
        "(* (cast<int32> (+ (cast<int32> ?#1) (cast<int32> ?x0))) (cast<int32> 4))",
    ),
    (
        75,
        2,
        "(<= (cast<int32> ?x0) (cast<int32> ?x1))",
    ),
    (
        82,
        2,
        "(get ?#1 (cast<int32x128> (call[ramp] (cast<int32> (+ (cast<int32> (* (cast<int32> ?x0) (cast<int32> 128))) (cast<int32> 256))) (cast<int32> 1) (cast<int32> 128))))",
    ),
    (
        84,
        2,
        "(get ?#1 (cast<int32x128> (call[ramp] (cast<int32> (+ (cast<int32> (* (cast<int32> ?x0) (cast<int32> 128))) (cast<int32> 258))) (cast<int32> 1) (cast<int32> 128))))",
    ),
    (
        85,
        2,
        "(get ?#1 (cast<int32x128> (call[ramp] (cast<int32> (+ (cast<int32> (* (cast<int32> ?x0) (cast<int32> 128))) (cast<int32> 384))) (cast<int32> 1) (cast<int32> 128))))",
    ),
    (
        87,
        2,
        "(get ?#1 (cast<int32x128> (call[ramp] (cast<int32> (+ (cast<int32> (* (cast<int32> ?x0) (cast<int32> 128))) (cast<int32> 386))) (cast<int32> 1) (cast<int32> 128))))",
    ),
    (
        90,
        2,
        "(get ?#1 (cast<int32x128> (call[ramp] (cast<int32> (+ (cast<int32> (* (cast<int32> ?#2) (cast<int32> 128))) (cast<int32> ?x0))) (cast<int32> 1) (cast<int32> 128))))",
    ),
    (
        32,
        3,
        "(+ (cast<int32> (call[min] (cast<int32> (call[max] (cast<int32> ?x0) (cast<int32> 1))) (cast<int32> (+ (cast<int32> ?x0) (cast<int32> 6))))) (cast<int32> (neg (cast<int32> 1))))",
    ),
    (
        37,
        3,
        "(+ (cast<int32> ?x0) (cast<int32> 5))",
    ),
    (
        57,
        3,
        "(- (cast<int32> (call[min] (cast<int32> ?x0) (cast<int32> ?x1))) (cast<int32> ?x2))",
    ),
    (
        65,
        3,
        "(* (cast<int32> (+ (cast<int32> ?x0) (cast<int32> ?x1))) (cast<int32> (+ (cast<int32> ?#2) (cast<int32> 128))))",
    ),
    (
        70,
        3,
        "(* (cast<int32> ?x0) (cast<int32> ?x1))",
    ),
    (
        73,
        3,
        "(/ (cast<int32> ?x0) (cast<int32> 128))",
    ),
    (
        77,
        3,
        "(get ?x0 (cast<int32x128> (call[ramp] (cast<int32> ?x1) (cast<int32> 1) (cast<int32> 128))))",
    ),
    (
        79,
        3,
        "(get ?#1 (cast<int32x128> (+ (cast<int32x128> (call[max] (cast<int32x128> (call[min] (cast<int32x128> (call[ramp] (cast<int32> (+ (cast<int32> (+ (cast<int32> (* (cast<int32> ?#2) (cast<int32> 128))) (cast<int32> ?#3))) (cast<int32> (neg (cast<int32> 1))))) (cast<int32> 1) (cast<int32> 128))) (cast<int32x128> (call[x128] (cast<int32> (+ (cast<int32> ?#4) (cast<int32> (neg (cast<int32> 1))))))))) (cast<int32x128> (call[x128] (cast<int32> 0))))) (cast<int32x128> (call[x128] (cast<int32> ?x0))))))",
    ),
    (
        34,
        4,
        "(+ (cast<int32> ?x0) (cast<int32> 1))",
    ),
    (
        48,
        4,
        "(+ (cast<uint16x128> (call[absd] (cast<uint16x128> (+ (cast<uint16x128> (call[widening_shift_left] (cast<uint8x128> (get ?#16 (cast<int32x128> (call[ramp] (cast<int32> (+ (cast<int32> (* (cast<int32> ?x0) (cast<int32> 128))) (cast<int32> ?x1))) (cast<int32> 1) (cast<int32> 128))))) (cast<uint8x128> (call[x128] (cast<uint8> 1))))) (cast<uint16x128> (call[widening_add] (cast<uint8x128> ?x2) (cast<uint8x128> ?x3))))) (cast<uint16x128> (+ (cast<uint16x128> (call[widening_shift_left] (cast<uint8x128> (get ?#17 (cast<int32x128> (call[ramp] (cast<int32> (+ (cast<int32> (* (cast<int32> ?x4) (cast<int32> 128))) (cast<int32> ?x5))) (cast<int32> 1) (cast<int32> 128))))) (cast<uint8x128> (call[x128] (cast<uint8> 1))))) (cast<uint16x128> (call[widening_add] (cast<uint8x128> ?x6) (cast<uint8x128> ?x7))))))) (cast<uint16x128> (call[absd] (cast<uint16x128> (+ (cast<uint16x128> (call[widening_shift_left] (cast<uint8x128> (get ?#18 (cast<int32x128> (call[ramp] (cast<int32> (+ (cast<int32> (* (cast<int32> ?x8) (cast<int32> 128))) (cast<int32> ?x9))) (cast<int32> 1) (cast<int32> 128))))) (cast<uint8x128> (call[x128] (cast<uint8> 1))))) (cast<uint16x128> (call[widening_add] (cast<uint8x128> ?x2) (cast<uint8x128> ?x6))))) (cast<uint16x128> (+ (cast<uint16x128> (call[widening_shift_left] (cast<uint8x128> (get ?#19 (cast<int32x128> (call[ramp] (cast<int32> (+ (cast<int32> (* (cast<int32> ?x8) (cast<int32> 128))) (cast<int32> ?x10))) (cast<int32> 1) (cast<int32> 128))))) (cast<uint8x128> (call[x128] (cast<uint8> 1))))) (cast<uint16x128> (call[widening_add] (cast<uint8x128> ?x3) (cast<uint8x128> ?x7))))))))",
    ),
    (
        68,
        4,
        "(* (cast<int32> ?x0) (cast<int32> 4))",
    ),
    (
        38,
        5,
        "(+ (cast<int32> ?x0) (cast<int32> 6))",
    ),
    (
        69,
        5,
        "(* (cast<int32> ?x0) (cast<int32> 128))",
    ),
    (
        27,
        7,
        "(+ (cast<int32> (* (cast<int32> ?x0) (cast<int32> 128))) (cast<int32> ?x1))",
    ),
    (
        60,
        8,
        "(- (cast<int32> ?x0) (cast<int32> ?x1))",
    ),
    (
        28,
        10,
        "(+ (cast<int32> (* (cast<int32> ?x0) (cast<int32> ?x1))) (cast<int32> ?x2))",
    ),
    (
        16,
        11,
        "(+ (cast<int32> (* (cast<int32> ?x0) (cast<int32> 4))) (cast<int32> ?x1))",
    ),
    (
        45,
        20,
        "(+ (cast<int32> ?x0) (cast<int32> ?x1))",
    ),
]
