---
source: tests/tests.rs
description: generate isa for median3x3
---
[
    (
        0,
        1,
        "(neg (cast<int32> ?x0))",
    ),
    (
        3,
        1,
        "(+ (cast<int32> (+ (cast<int32> ?x0) (cast<int32> ?x1))) (cast<int32> ?x2))",
    ),
    (
        9,
        1,
        "(+ (cast<int32> (* (cast<int32> (+ (cast<int32> (- (cast<int32> ?x0) (cast<int32> ?x1))) (cast<int32> (neg (cast<int32> 1))))) (cast<int32> ?#2))) (cast<int32> ?#3))",
    ),
    (
        11,
        1,
        "(+ (cast<int32> (* (cast<int32> (+ (cast<int32> ?x0) (cast<int32> ?x1))) (cast<int32> 128))) (cast<int32> ?x2))",
    ),
    (
        13,
        1,
        "(+ (cast<int32> (* (cast<int32> (+ (cast<int32> ?#1) (cast<int32> ?x0))) (cast<int32> 4))) (cast<int32> 4))",
    ),
    (
        18,
        1,
        "(+ (cast<int32> (* (cast<int32> (* (cast<int32> (- (cast<int32> (call[max] (cast<int32> (call[min] (cast<int32> (+ (cast<int32> ?x0) (cast<int32> 2))) (cast<int32> ?#2))) (cast<int32> 1))) (cast<int32> ?x1))) (cast<int32> ?#3))) (cast<int32> 128))) (cast<int32> ?#4))",
    ),
    (
        29,
        1,
        "(+ (cast<int32> (call[max] (cast<int32> (call[min] (cast<int32> ?x0) (cast<int32> ?x1))) (cast<int32> ?x2))) (cast<int32> (neg (cast<int32> ?x3))))",
    ),
    (
        34,
        1,
        "(+ (cast<int32> (call[min] (cast<int32> ?x0) (cast<int32> ?x1))) (cast<int32> ?x2))",
    ),
    (
        38,
        1,
        "(+ (cast<int32> ?x0) (cast<int32> 4))",
    ),
    (
        40,
        1,
        "(+ (cast<int32> ?x0) (cast<int32> 129))",
    ),
    (
        41,
        1,
        "(+ (cast<int32> ?x0) (cast<int32> (neg (cast<int32> 1))))",
    ),
    (
        46,
        1,
        "(+ (cast<int32> ?x0) (cast<int32> (neg (cast<int32> 129))))",
    ),
    (
        47,
        1,
        "(+ (cast<int32> ?x0) (cast<int32> (neg (cast<int32> ?x1))))",
    ),
    (
        54,
        1,
        "(- (cast<int32> (call[max] (cast<int32> (call[min] (cast<int32> (+ (cast<int32> (call[min] (cast<int32> ?x0) (cast<int32> ?x1))) (cast<int32> ?x2))) (cast<int32> ?#5))) (cast<int32> 1))) (cast<int32> (call[min] (cast<int32> (call[max] (cast<int32> ?x3) (cast<int32> 0))) (cast<int32> (+ (cast<int32> (call[max] (cast<int32> ?x4) (cast<int32> 1))) (cast<int32> (neg (cast<int32> 1))))))))",
    ),
    (
        65,
        1,
        "(- (cast<int32> ?x0) (cast<int32> (call[min] (cast<int32> (call[max] (cast<int32> ?x1) (cast<int32> 0))) (cast<int32> (+ (cast<int32> (call[max] (cast<int32> ?x2) (cast<int32> 1))) (cast<int32> (neg (cast<int32> 1))))))))",
    ),
    (
        70,
        1,
        "(* (cast<int32> (+ (cast<int32> (- (cast<int32> ?x0) (cast<int32> ?x1))) (cast<int32> (neg (cast<int32> 1))))) (cast<int32> ?x2))",
    ),
    (
        73,
        1,
        "(* (cast<int32> (+ (cast<int32> ?x0) (cast<int32> 1))) (cast<int32> ?x1))",
    ),
    (
        74,
        1,
        "(* (cast<int32> (+ (cast<int32> ?x0) (cast<int32> (neg (cast<int32> 1))))) (cast<int32> ?x1))",
    ),
    (
        90,
        1,
        "(/ (cast<int32> (+ (cast<int32> ?x0) (cast<int32> ?x1))) (cast<int32> ?x2))",
    ),
    (
        92,
        1,
        "(/ (cast<int32> ?x0) (cast<int32> ?x1))",
    ),
    (
        95,
        1,
        "(get ?x0 (cast<int32x128> (call[ramp] (cast<int32> (+ (cast<int32> ?x1) (cast<int32> ?x2))) (cast<int32> 1) (cast<int32> 128))))",
    ),
    (
        19,
        2,
        "(+ (cast<int32> (* (cast<int32> (* (cast<int32> (- (cast<int32> (call[max] (cast<int32> (call[min] (cast<int32> (+ (cast<int32> ?x0) (cast<int32> 3))) (cast<int32> ?#2))) (cast<int32> 1))) (cast<int32> ?x1))) (cast<int32> ?#3))) (cast<int32> 128))) (cast<int32> ?#4))",
    ),
    (
        25,
        2,
        "(+ (cast<int32> (* (cast<int32> ?x0) (cast<int32> ?x1))) (cast<int32> ?x2))",
    ),
    (
        30,
        2,
        "(+ (cast<int32> (call[max] (cast<int32> ?x0) (cast<int32> 1))) (cast<int32> (neg (cast<int32> 1))))",
    ),
    (
        35,
        2,
        "(+ (cast<int32> ?x0) (cast<int32> 1))",
    ),
    (
        45,
        2,
        "(+ (cast<int32> ?x0) (cast<int32> (neg (cast<int32> 128))))",
    ),
    (
        52,
        2,
        "(- (cast<int32> (call[max] (cast<int32> (call[min] (cast<int32> (+ (cast<int32> (* (cast<int32> (+ (cast<int32> ?#1) (cast<int32> ?#2))) (cast<int32> 4))) (cast<int32> 4))) (cast<int32> ?#3))) (cast<int32> 1))) (cast<int32> ?x0))",
    ),
    (
        55,
        2,
        "(- (cast<int32> (call[max] (cast<int32> (call[min] (cast<int32> (+ (cast<int32> ?x0) (cast<int32> 1))) (cast<int32> ?#2))) (cast<int32> 1))) (cast<int32> ?x1))",
    ),
    (
        58,
        2,
        "(- (cast<int32> (call[max] (cast<int32> (call[min] (cast<int32> (+ (cast<int32> ?x0) (cast<int32> 5))) (cast<int32> ?#2))) (cast<int32> 1))) (cast<int32> ?x1))",
    ),
    (
        61,
        2,
        "(- (cast<int32> (call[max] (cast<int32> ?x0) (cast<int32> 1))) (cast<int32> (call[max] (cast<int32> ?x1) (cast<int32> 0))))",
    ),
    (
        71,
        2,
        "(* (cast<int32> (+ (cast<int32> (call[max] (cast<int32> (- (cast<int32> (call[max] (cast<int32> ?x0) (cast<int32> 0))) (cast<int32> (call[max] (cast<int32> ?x1) (cast<int32> 1))))) (cast<int32> (neg (cast<int32> 1))))) (cast<int32> 1))) (cast<int32> ?x2))",
    ),
    (
        93,
        2,
        "(\"%\" (cast<int32> ?x0) (cast<int32> 128))",
    ),
    (
        94,
        2,
        "(<= (cast<int32> ?x0) (cast<int32> ?x1))",
    ),
    (
        98,
        2,
        "(get ?#1 (cast<int32x128> (+ (cast<int32x128> (call[max] (cast<int32x128> (call[min] (cast<int32x128> (call[ramp] (cast<int32> (+ (cast<int32> ?#2) (cast<int32> (neg (cast<int32> 129))))) (cast<int32> 1) (cast<int32> 128))) (cast<int32x128> (call[x128] (cast<int32> (+ (cast<int32> ?#3) (cast<int32> (neg (cast<int32> 1))))))))) (cast<int32x128> (call[x128] (cast<int32> 0))))) (cast<int32x128> (call[x128] (cast<int32> ?x0))))))",
    ),
    (
        10,
        3,
        "(+ (cast<int32> (* (cast<int32> (+ (cast<int32> ?x0) (cast<int32> (neg (cast<int32> 1))))) (cast<int32> ?#1))) (cast<int32> ?#2))",
    ),
    (
        53,
        3,
        "(- (cast<int32> (call[max] (cast<int32> (call[min] (cast<int32> (+ (cast<int32> (call[min] (cast<int32> (+ (cast<int32> ?x0) (cast<int32> 4))) (cast<int32> ?#5))) (cast<int32> 1))) (cast<int32> ?#6))) (cast<int32> 1))) (cast<int32> (call[min] (cast<int32> (call[max] (cast<int32> (call[min] (cast<int32> ?x1) (cast<int32> ?x2))) (cast<int32> 0))) (cast<int32> (+ (cast<int32> (call[max] (cast<int32> (call[min] (cast<int32> ?x3) (cast<int32> ?x4))) (cast<int32> 1))) (cast<int32> (neg (cast<int32> 1))))))))",
    ),
    (
        67,
        3,
        "(* (cast<int32> (+ (cast<int32> (- (cast<int32> (call[max] (cast<int32> (call[min] (cast<int32> (+ (cast<int32> ?x0) (cast<int32> 2))) (cast<int32> ?#3))) (cast<int32> 1))) (cast<int32> ?x1))) (cast<int32> (neg (cast<int32> 1))))) (cast<int32> ?x2))",
    ),
    (
        76,
        3,
        "(* (cast<int32> (+ (cast<int32> ?x0) (cast<int32> ?x1))) (cast<int32> ?x2))",
    ),
    (
        87,
        3,
        "(* (cast<int32> ?x0) (cast<int32> 128))",
    ),
    (
        89,
        3,
        "(/ (cast<int32> (+ (cast<int32> ?x0) (cast<int32> 129))) (cast<int32> 128))",
    ),
    (
        91,
        3,
        "(/ (cast<int32> ?x0) (cast<int32> 128))",
    ),
    (
        2,
        4,
        "(+ (cast<int32> (+ (cast<int32> (* (cast<int32> ?x0) (cast<int32> ?#1))) (cast<int32> ?#2))) (cast<int32> (neg (cast<int32> 128))))",
    ),
    (
        28,
        4,
        "(+ (cast<int32> (call[max] (cast<int32> (call[min] (cast<int32> ?x0) (cast<int32> ?x1))) (cast<int32> 1))) (cast<int32> (neg (cast<int32> 1))))",
    ),
    (
        36,
        4,
        "(+ (cast<int32> ?x0) (cast<int32> 2))",
    ),
    (
        37,
        4,
        "(+ (cast<int32> ?x0) (cast<int32> 3))",
    ),
    (
        51,
        4,
        "(- (cast<int32> (* (cast<int32> ?x0) (cast<int32> 128))) (cast<int32> ?x1))",
    ),
    (
        68,
        4,
        "(* (cast<int32> (+ (cast<int32> (- (cast<int32> (call[max] (cast<int32> (call[min] (cast<int32> (+ (cast<int32> ?x0) (cast<int32> 3))) (cast<int32> ?#3))) (cast<int32> 1))) (cast<int32> ?x1))) (cast<int32> (neg (cast<int32> 1))))) (cast<int32> ?x2))",
    ),
    (
        99,
        4,
        "(get ?#1 (cast<int32x128> (call[ramp] (cast<int32> (+ (cast<int32> (* (cast<int32> (+ (cast<int32> ?#2) (cast<int32> ?x0))) (cast<int32> 128))) (cast<int32> 1))) (cast<int32> 1) (cast<int32> 128))))",
    ),
    (
        100,
        4,
        "(get ?#1 (cast<int32x128> (call[ramp] (cast<int32> (+ (cast<int32> (* (cast<int32> (+ (cast<int32> ?#2) (cast<int32> ?x0))) (cast<int32> 128))) (cast<int32> 2))) (cast<int32> 1) (cast<int32> 128))))",
    ),
    (
        109,
        4,
        "(get ?#1 (cast<int32x128> (call[ramp] (cast<int32> (* (cast<int32> (+ (cast<int32> ?#2) (cast<int32> ?x0))) (cast<int32> 128))) (cast<int32> 1) (cast<int32> 128))))",
    ),
    (
        21,
        5,
        "(+ (cast<int32> (* (cast<int32> (* (cast<int32> ?x0) (cast<int32> ?#1))) (cast<int32> 128))) (cast<int32> ?#2))",
    ),
    (
        66,
        5,
        "(- (cast<int32> ?x0) (cast<int32> ?x1))",
    ),
    (
        48,
        7,
        "(+ (cast<int32> ?x0) (cast<int32> ?x1))",
    ),
    (
        88,
        7,
        "(* (cast<int32> ?x0) (cast<int32> ?x1))",
    ),
    (
        102,
        8,
        "(get ?#1 (cast<int32x128> (call[ramp] (cast<int32> (+ (cast<int32> (* (cast<int32> ?x0) (cast<int32> 128))) (cast<int32> 1))) (cast<int32> 1) (cast<int32> 128))))",
    ),
    (
        103,
        8,
        "(get ?#1 (cast<int32x128> (call[ramp] (cast<int32> (+ (cast<int32> (* (cast<int32> ?x0) (cast<int32> 128))) (cast<int32> 2))) (cast<int32> 1) (cast<int32> 128))))",
    ),
    (
        110,
        8,
        "(get ?#1 (cast<int32x128> (call[ramp] (cast<int32> (* (cast<int32> ?x0) (cast<int32> 128))) (cast<int32> 1) (cast<int32> 128))))",
    ),
    (
        24,
        9,
        "(+ (cast<int32> (* (cast<int32> ?x0) (cast<int32> 128))) (cast<int32> ?x1))",
    ),
    (
        105,
        12,
        "(get ?#1 (cast<int32x128> (call[ramp] (cast<int32> (+ (cast<int32> ?x0) (cast<int32> (neg (cast<int32> 126))))) (cast<int32> 1) (cast<int32> 128))))",
    ),
    (
        106,
        12,
        "(get ?#1 (cast<int32x128> (call[ramp] (cast<int32> (+ (cast<int32> ?x0) (cast<int32> (neg (cast<int32> 127))))) (cast<int32> 1) (cast<int32> 128))))",
    ),
    (
        107,
        12,
        "(get ?#1 (cast<int32x128> (call[ramp] (cast<int32> (+ (cast<int32> ?x0) (cast<int32> (neg (cast<int32> 128))))) (cast<int32> 1) (cast<int32> 128))))",
    ),
    (
        42,
        16,
        "(+ (cast<int32> ?x0) (cast<int32> (neg (cast<int32> 4))))",
    ),
    (
        77,
        22,
        "(* (cast<int32> (+ (cast<int32> ?#1) (cast<int32> ?x0))) (cast<int32> 4))",
    ),
]
