---
source: tests/tests.rs
description: generate isa for gaussian5x5
---
[
    (
        1,
        1,
        "(+ (cast<int16x128> (call[shift_left] (cast<int16x128> (call[int16x128] (cast<uint8x128> (get ?#1 (cast<int32x128> (call[ramp] (cast<int32> (+ (cast<int32> (* (cast<int32> (+ (cast<int32> (* (cast<int32> ?#2) (cast<int32> 3))) (cast<int32> ?#3))) (cast<int32> 128))) (cast<int32> 384))) (cast<int32> 1) (cast<int32> 128))))))) (cast<uint16x128> (call[x128] (cast<uint16> 2))))) (cast<int16x128> ?x0))",
    ),
    (
        2,
        1,
        "(+ (cast<int16x128> (call[shift_left] (cast<int16x128> (call[int16x128] (cast<uint8x128> (get ?#1 (cast<int32x128> (call[ramp] (cast<int32> (+ (cast<int32> (* (cast<int32> (+ (cast<int32> (* (cast<int32> ?#2) (cast<int32> 4))) (cast<int32> ?#3))) (cast<int32> 128))) (cast<int32> 512))) (cast<int32> 1) (cast<int32> 128))))))) (cast<uint16x128> (call[x128] (cast<uint16> 2))))) (cast<int16x128> ?x0))",
    ),
    (
        6,
        1,
        "(+ (cast<int16x128> (call[shift_left] (cast<int16x128> (call[int16x128] (cast<uint8x128> (get ?#6 (cast<int32x128> (call[ramp] (cast<int32> (+ (cast<int32> (* (cast<int32> (+ (cast<int32> (* (cast<int32> ?#7) (cast<int32> ?x0))) (cast<int32> ?#8))) (cast<int32> 128))) (cast<int32> ?x1))) (cast<int32> 1) (cast<int32> 128))))))) (cast<uint16x128> (call[x128] (cast<uint16> 2))))) (cast<int16x128> (+ (cast<int16x128> (call[shift_left] (cast<int16x128> (call[int16x128] (cast<uint8x128> (get ?#9 (cast<int32x128> (call[ramp] (cast<int32> (+ (cast<int32> (* (cast<int32> (+ (cast<int32> (* (cast<int32> ?#10) (cast<int32> ?x2))) (cast<int32> ?#11))) (cast<int32> 128))) (cast<int32> ?x3))) (cast<int32> 1) (cast<int32> 128))))))) (cast<uint16x128> (call[x128] (cast<uint16> 2))))) (cast<int16x128> (call[widening_mul] (cast<uint8x128> (get ?#12 (cast<int32x128> (call[ramp] (cast<int32> (+ (cast<int32> (* (cast<int32> (+ (cast<int32> (* (cast<int32> ?#13) (cast<int32> ?x4))) (cast<int32> ?#14))) (cast<int32> 128))) (cast<int32> ?x5))) (cast<int32> 1) (cast<int32> 128))))) (cast<int8x128> (call[x128] (cast<int8> 6))))))))",
    ),
    (
        7,
        1,
        "(+ (cast<int16x128> (call[shift_left] (cast<int16x128> (call[int16x128] (cast<uint8x128> (get ?#7 (cast<int32x128> (call[ramp] (cast<int32> (+ (cast<int32> (* (cast<int32> (+ (cast<int32> ?x0) (cast<int32> ?x1))) (cast<int32> 128))) (cast<int32> ?x2))) (cast<int32> 1) (cast<int32> 128))))))) (cast<uint16x128> (call[x128] (cast<uint16> 2))))) (cast<int16x128> (+ (cast<int16x128> (call[shift_left] (cast<int16x128> (call[int16x128] (cast<uint8x128> (get ?#8 (cast<int32x128> (call[ramp] (cast<int32> (+ (cast<int32> (* (cast<int32> (+ (cast<int32> (* (cast<int32> ?#9) (cast<int32> ?x3))) (cast<int32> ?#10))) (cast<int32> 128))) (cast<int32> ?x4))) (cast<int32> 1) (cast<int32> 128))))))) (cast<uint16x128> (call[x128] (cast<uint16> 2))))) (cast<int16x128> (call[widening_mul] (cast<uint8x128> (get ?#11 (cast<int32x128> (call[ramp] (cast<int32> (+ (cast<int32> (* (cast<int32> (+ (cast<int32> (* (cast<int32> ?#12) (cast<int32> ?x5))) (cast<int32> ?#13))) (cast<int32> 128))) (cast<int32> ?x6))) (cast<int32> 1) (cast<int32> 128))))) (cast<int8x128> (call[x128] (cast<int8> 6))))))))",
    ),
    (
        8,
        1,
        "(+ (cast<int16x128> (call[shift_left] (cast<int16x128> (get ?#9 (cast<int32x128> (call[ramp] (cast<int32> (+ (cast<int32> (* (cast<int32> ?x0) (cast<int32> 128))) (cast<int32> ?x1))) (cast<int32> 1) (cast<int32> 128))))) (cast<uint16x128> (call[x128] (cast<uint16> 2))))) (cast<int16x128> (+ (cast<int16x128> (get ?#10 (cast<int32x128> (call[ramp] (cast<int32> ?x2) (cast<int32> 1) (cast<int32> 128))))) (cast<int16x128> (+ (cast<int16x128> (call[widen_right_mul] (cast<int16x128> (get ?#11 (cast<int32x128> (call[ramp] (cast<int32> (+ (cast<int32> (* (cast<int32> ?x0) (cast<int32> 128))) (cast<int32> ?x3))) (cast<int32> 1) (cast<int32> 128))))) (cast<int8x128> (call[x128] (cast<int8> 6))))) (cast<int16x128> (+ (cast<int16x128> (get ?#12 (cast<int32x128> (call[ramp] (cast<int32> (+ (cast<int32> (* (cast<int32> ?x0) (cast<int32> 128))) (cast<int32> ?x4))) (cast<int32> 1) (cast<int32> 128))))) (cast<int16x128> (call[shift_left] (cast<int16x128> (get ?#13 (cast<int32x128> (call[ramp] (cast<int32> (+ (cast<int32> (* (cast<int32> ?x0) (cast<int32> 128))) (cast<int32> ?x5))) (cast<int32> 1) (cast<int32> 128))))) (cast<uint16x128> (call[x128] (cast<uint16> 2))))))))))))",
    ),
    (
        27,
        1,
        "(+ (cast<int32> (- (cast<int32> ?x0) (cast<int32> ?x1))) (cast<int32> ?x2))",
    ),
    (
        31,
        1,
        "(+ (cast<int32> (* (cast<int32> (+ (cast<int32> ?#1) (cast<int32> ?x0))) (cast<int32> 4))) (cast<int32> 7))",
    ),
    (
        34,
        1,
        "(+ (cast<int32> (* (cast<int32> ?x0) (cast<int32> 4))) (cast<int32> ?x1))",
    ),
    (
        35,
        1,
        "(+ (cast<int32> (* (cast<int32> ?x0) (cast<int32> 128))) (cast<int32> 128))",
    ),
    (
        36,
        1,
        "(+ (cast<int32> (* (cast<int32> ?x0) (cast<int32> 128))) (cast<int32> 256))",
    ),
    (
        37,
        1,
        "(+ (cast<int32> (* (cast<int32> ?x0) (cast<int32> 128))) (cast<int32> 384))",
    ),
    (
        39,
        1,
        "(+ (cast<int32> (* (cast<int32> ?x0) (cast<int32> ?x1))) (cast<int32> ?x2))",
    ),
    (
        42,
        1,
        "(+ (cast<int32> (call[max] (cast<int32> (- (cast<int32> (call[min] (cast<int32> (+ (cast<int32> ?x0) (cast<int32> ?x1))) (cast<int32> ?#5))) (cast<int32> ?x2))) (cast<int32> ?x3))) (cast<int32> ?x4))",
    ),
    (
        44,
        1,
        "(+ (cast<int32> (call[max] (cast<int32> ?x0) (cast<int32> ?x1))) (cast<int32> ?x2))",
    ),
    (
        48,
        1,
        "(+ (cast<int32> ?x0) (cast<int32> 3))",
    ),
    (
        52,
        1,
        "(+ (cast<int32> ?x0) (cast<int32> 128))",
    ),
    (
        53,
        1,
        "(+ (cast<int32> ?x0) (cast<int32> (neg (cast<int32> 1))))",
    ),
    (
        65,
        1,
        "(- (cast<int32> ?x0) (cast<int32> ?x1))",
    ),
    (
        71,
        1,
        "(* (cast<int32> (+ (cast<int32> ?x0) (cast<int32> 2))) (cast<int32> ?x1))",
    ),
    (
        83,
        1,
        "(get ?x0 (cast<int32x128> (call[ramp] (cast<int32> (+ (cast<int32> (* (cast<int32> ?x1) (cast<int32> 128))) (cast<int32> 128))) (cast<int32> 1) (cast<int32> 128))))",
    ),
    (
        84,
        1,
        "(get ?x0 (cast<int32x128> (call[ramp] (cast<int32> (+ (cast<int32> (* (cast<int32> ?x1) (cast<int32> 128))) (cast<int32> 256))) (cast<int32> 1) (cast<int32> 128))))",
    ),
    (
        85,
        1,
        "(get ?x0 (cast<int32x128> (call[ramp] (cast<int32> (+ (cast<int32> (* (cast<int32> ?x1) (cast<int32> 128))) (cast<int32> 384))) (cast<int32> 1) (cast<int32> 128))))",
    ),
    (
        86,
        1,
        "(get ?x0 (cast<int32x128> (call[ramp] (cast<int32> (+ (cast<int32> (* (cast<int32> ?x1) (cast<int32> 128))) (cast<int32> ?x2))) (cast<int32> 1) (cast<int32> 128))))",
    ),
    (
        88,
        1,
        "(get ?x0 (cast<int32x128> (call[ramp] (cast<int32> (* (cast<int32> ?x1) (cast<int32> 128))) (cast<int32> 1) (cast<int32> 128))))",
    ),
    (
        89,
        1,
        "(get ?x0 (cast<int32x128> (call[ramp] (cast<int32> ?x1) (cast<int32> 1) (cast<int32> 128))))",
    ),
    (
        4,
        2,
        "(+ (cast<int16x128> (call[shift_left] (cast<int16x128> (call[int16x128] (cast<uint8x128> (get ?#4 (cast<int32x128> (call[ramp] (cast<int32> (+ (cast<int32> (* (cast<int32> (+ (cast<int32> (* (cast<int32> ?#5) (cast<int32> ?x0))) (cast<int32> ?#6))) (cast<int32> 128))) (cast<int32> ?x1))) (cast<int32> 1) (cast<int32> 128))))))) (cast<uint16x128> (call[x128] (cast<uint16> 2))))) (cast<int16x128> (call[widening_mul] (cast<uint8x128> (get ?#7 (cast<int32x128> (call[ramp] (cast<int32> (+ (cast<int32> (* (cast<int32> (+ (cast<int32> (* (cast<int32> ?#8) (cast<int32> ?x2))) (cast<int32> ?#9))) (cast<int32> 128))) (cast<int32> ?x3))) (cast<int32> 1) (cast<int32> 128))))) (cast<int8x128> (call[x128] (cast<int8> 6))))))",
    ),
    (
        23,
        2,
        "(+ (cast<int32> (+ (cast<int32> (* (cast<int32> ?x0) (cast<int32> 128))) (cast<int32> ?x1))) (cast<int32> 128))",
    ),
    (
        32,
        2,
        "(+ (cast<int32> (* (cast<int32> (+ (cast<int32> ?#1) (cast<int32> ?x0))) (cast<int32> 4))) (cast<int32> 14))",
    ),
    (
        40,
        2,
        "(+ (cast<int32> (* (cast<int32> ?#1) (cast<int32> 2))) (cast<int32> ?x0))",
    ),
    (
        41,
        2,
        "(+ (cast<int32> (* (cast<int32> ?#1) (cast<int32> 3))) (cast<int32> ?x0))",
    ),
    (
        50,
        2,
        "(+ (cast<int32> ?x0) (cast<int32> 8))",
    ),
    (
        55,
        2,
        "(+ (cast<int32> ?x0) (cast<int32> (neg (cast<int32> ?x1))))",
    ),
    (
        64,
        2,
        "(- (cast<int32> ?x0) (cast<int32> (call[max] (cast<int32> (call[min] (cast<int32> ?x1) (cast<int32> ?x2))) (cast<int32> ?x3))))",
    ),
    (
        69,
        2,
        "(* (cast<int32> (+ (cast<int32> (call[max] (cast<int32> (call[min] (cast<int32> (+ (cast<int32> ?x0) (cast<int32> ?x1))) (cast<int32> ?x2))) (cast<int32> ?x3))) (cast<int32> (neg (cast<int32> ?x3))))) (cast<int32> ?#5))",
    ),
    (
        80,
        2,
        "(/ (cast<int32> (+ (cast<int32> ?x0) (cast<int32> ?x1))) (cast<int32> 128))",
    ),
    (
        81,
        2,
        "(/ (cast<int32> (+ (cast<int32> ?x0) (cast<int32> ?x1))) (cast<int32> ?x2))",
    ),
    (
        82,
        2,
        "(<= (cast<int32> (call[max] (cast<int32> ?x0) (cast<int32> 1))) (cast<int32> ?x1))",
    ),
    (
        91,
        2,
        "(get ?#1 (cast<int32x128> (+ (cast<int32x128> (call[max] (cast<int32x128> (call[min] (cast<int32x128> (call[ramp] (cast<int32> (+ (cast<int32> (* (cast<int32> ?#2) (cast<int32> 128))) (cast<int32> (neg (cast<int32> 2))))) (cast<int32> 1) (cast<int32> 128))) (cast<int32x128> (call[x128] (cast<int32> (+ (cast<int32> ?#3) (cast<int32> (neg (cast<int32> 1))))))))) (cast<int32x128> (call[x128] (cast<int32> 0))))) (cast<int32x128> (call[x128] (cast<int32> ?x0))))))",
    ),
    (
        92,
        2,
        "(get ?#2 (cast<int32x128> (+ (cast<int32x128> (call[max] (cast<int32x128> (call[min] (cast<int32x128> (call[ramp] (cast<int32> ?x0) (cast<int32> 1) (cast<int32> 128))) (cast<int32x128> (call[x128] (cast<int32> (+ (cast<int32> ?#3) (cast<int32> (neg (cast<int32> 1))))))))) (cast<int32x128> (call[x128] (cast<int32> 0))))) (cast<int32x128> (call[x128] (cast<int32> ?x1))))))",
    ),
    (
        0,
        3,
        "(neg (cast<int32> ?x0))",
    ),
    (
        9,
        3,
        "(+ (cast<int16x128> (call[shift_left] (cast<int16x128> (get ?#10 (cast<int32x128> (call[ramp] (cast<int32> (+ (cast<int32> (* (cast<int32> ?x0) (cast<int32> 128))) (cast<int32> ?x1))) (cast<int32> 1) (cast<int32> 128))))) (cast<uint16x128> (call[x128] (cast<uint16> 2))))) (cast<int16x128> (+ (cast<int16x128> (get ?#11 (cast<int32x128> (call[ramp] (cast<int32> (+ (cast<int32> (* (cast<int32> ?x0) (cast<int32> 128))) (cast<int32> ?x2))) (cast<int32> 1) (cast<int32> 128))))) (cast<int16x128> (+ (cast<int16x128> (call[widen_right_mul] (cast<int16x128> (get ?#12 (cast<int32x128> (call[ramp] (cast<int32> (+ (cast<int32> (* (cast<int32> ?x0) (cast<int32> 128))) (cast<int32> ?x3))) (cast<int32> 1) (cast<int32> 128))))) (cast<int8x128> (call[x128] (cast<int8> 6))))) (cast<int16x128> (+ (cast<int16x128> (get ?#13 (cast<int32x128> (call[ramp] (cast<int32> (+ (cast<int32> (* (cast<int32> ?x0) (cast<int32> 128))) (cast<int32> ?x4))) (cast<int32> 1) (cast<int32> 128))))) (cast<int16x128> (call[shift_left] (cast<int16x128> (get ?#14 (cast<int32x128> (call[ramp] (cast<int32> (+ (cast<int32> (* (cast<int32> ?x0) (cast<int32> 128))) (cast<int32> ?x5))) (cast<int32> 1) (cast<int32> 128))))) (cast<uint16x128> (call[x128] (cast<uint16> 2))))))))))))",
    ),
    (
        45,
        3,
        "(+ (cast<int32> (call[min] (cast<int32> (call[max] (cast<int32> ?x0) (cast<int32> 2))) (cast<int32> (+ (cast<int32> ?x0) (cast<int32> 8))))) (cast<int32> (neg (cast<int32> 2))))",
    ),
    (
        51,
        3,
        "(+ (cast<int32> ?x0) (cast<int32> 126))",
    ),
    (
        72,
        3,
        "(* (cast<int32> (+ (cast<int32> ?x0) (cast<int32> (neg (cast<int32> 2))))) (cast<int32> ?#1))",
    ),
    (
        93,
        3,
        "(get ?#2 (cast<int32x128> (call[ramp] (cast<int32> (+ (cast<int32> (* (cast<int32> (+ (cast<int32> (* (cast<int32> ?#3) (cast<int32> ?x0))) (cast<int32> ?#4))) (cast<int32> 128))) (cast<int32> ?x1))) (cast<int32> 1) (cast<int32> 128))))",
    ),
    (
        46,
        4,
        "(+ (cast<int32> ?x0) (cast<int32> 1))",
    ),
    (
        49,
        4,
        "(+ (cast<int32> ?x0) (cast<int32> 6))",
    ),
    (
        63,
        4,
        "(- (cast<int32> ?x0) (cast<int32> (call[max] (cast<int32> (call[min] (cast<int32> (* (cast<int32> ?x1) (cast<int32> 4))) (cast<int32> 2))) (cast<int32> (neg (cast<int32> 6))))))",
    ),
    (
        70,
        4,
        "(* (cast<int32> (+ (cast<int32> ?x0) (cast<int32> 2))) (cast<int32> (+ (cast<int32> ?#1) (cast<int32> 128))))",
    ),
    (
        77,
        5,
        "(* (cast<int32> ?x0) (cast<int32> 4))",
    ),
    (
        79,
        5,
        "(* (cast<int32> ?x0) (cast<int32> ?x1))",
    ),
    (
        38,
        6,
        "(+ (cast<int32> (* (cast<int32> ?x0) (cast<int32> 128))) (cast<int32> ?x1))",
    ),
    (
        74,
        6,
        "(* (cast<int32> (+ (cast<int32> ?x0) (cast<int32> ?x1))) (cast<int32> 4))",
    ),
    (
        78,
        6,
        "(* (cast<int32> ?x0) (cast<int32> 128))",
    ),
    (
        56,
        13,
        "(+ (cast<int32> ?x0) (cast<int32> ?x1))",
    ),
]
