---
source: tests/tests.rs
description: generate isa for depthwise_conv
---
[
    (
        46,
        1,
        "(+ (cast<int32x128> (/ (cast<int32x128> (call[ramp] (cast<int32> ?x0) (cast<int32> 1) (cast<int32> 128))) (cast<int32x128> (call[x128] (cast<int32> ?#3))))) (cast<int32x128> (call[x128] (cast<int32> (+ (cast<int32> (* (cast<int32> (+ (cast<int32> ?#4) (cast<int32> ?x1))) (cast<int32> ?#5))) (cast<int32> ?x2))))))",
    ),
    (
        123,
        1,
        "(+ (cast<int32x128> (get ?#4 (cast<int32x128> (call[ramp] (cast<int32> 128) (cast<int32> 1) (cast<int32> 128))))) (cast<int32x128> (call[widening_mul] (cast<int16x128> (get ?#5 (cast<int32x128> (call[ramp] (cast<int32> (* (cast<int32> ?x0) (cast<int32> 128))) (cast<int32> 1) (cast<int32> 128))))) (cast<int16x128> (call[int16x128] (cast<uint8x128> (get ?#6 (cast<int32x128> (call[ramp] (cast<int32> (* (cast<int32> (+ (cast<int32> (* (cast<int32> ?x1) (cast<int32> ?x2))) (cast<int32> ?x3))) (cast<int32> 128))) (cast<int32> 1) (cast<int32> 128))))))))))",
    ),
    (
        127,
        1,
        "(+ (cast<int32x128> (get ?#4 (cast<int32x128> (call[ramp] (cast<int32> 384) (cast<int32> 1) (cast<int32> 128))))) (cast<int32x128> (call[widening_mul] (cast<int16x128> (get ?#5 (cast<int32x128> (call[ramp] (cast<int32> (* (cast<int32> ?x0) (cast<int32> 128))) (cast<int32> 1) (cast<int32> 128))))) (cast<int16x128> (call[int16x128] (cast<uint8x128> (get ?#6 (cast<int32x128> (call[ramp] (cast<int32> (* (cast<int32> (+ (cast<int32> (* (cast<int32> ?x1) (cast<int32> ?x2))) (cast<int32> ?x3))) (cast<int32> 128))) (cast<int32> 1) (cast<int32> 128))))))))))",
    ),
    (
        153,
        1,
        "(- (cast<int32> (* (cast<int32> ?x0) (cast<int32> ?x1))) (cast<int32> ?x2))",
    ),
    (
        173,
        1,
        "(* (cast<int32> (+ (cast<int32> ?x0) (cast<int32> 1))) (cast<int32> ?x1))",
    ),
    (
        189,
        1,
        "(< (cast<int32> ?x0) (cast<int32> ?x1))",
    ),
    (
        201,
        1,
        "(if (cast<uint8x128> (get ?x0 (cast<int32x128> (call[ramp] (cast<int32> ?x1) (cast<int32> 1) (cast<int32> 128))))) (cast<bool> ?x2))",
    ),
    (
        206,
        1,
        "(if ?x0 (cast<bool> ?x1))",
    ),
    (
        208,
        1,
        "(get ?x0 (cast<int32x128> (call[ramp] (cast<int32> 128) (cast<int32> 1) (cast<int32> 128))))",
    ),
    (
        209,
        1,
        "(get ?x0 (cast<int32x128> (call[ramp] (cast<int32> 256) (cast<int32> 1) (cast<int32> 128))))",
    ),
    (
        6,
        2,
        "(+ (cast<int32> (* (cast<int32> (+ (cast<int32> (+ (cast<int32> ?#1) (cast<int32> ?#2))) (cast<int32> 1))) (cast<int32> ?#3))) (cast<int32> ?x0))",
    ),
    (
        7,
        2,
        "(+ (cast<int32> (* (cast<int32> (+ (cast<int32> (* (cast<int32> ?#2) (cast<int32> ?#3))) (cast<int32> ?x0))) (cast<int32> ?#4))) (cast<int32> ?x1))",
    ),
    (
        10,
        2,
        "(+ (cast<int32> (* (cast<int32> (+ (cast<int32> ?#1) (cast<int32> ?#2))) (cast<int32> ?#3))) (cast<int32> (- (cast<int32> ?#4) (cast<int32> ?x0))))",
    ),
    (
        25,
        2,
        "(+ (cast<int32> (call[select] (cast<bool> ?x0) (cast<int32> 0) (cast<int32> ?x1))) (cast<int32> (* (cast<int32> (+ (cast<int32> (call[select] (cast<bool> ?x2) (cast<int32> ?x3) (cast<int32> ?x4))) (cast<int32> ?x5))) (cast<int32> ?x6))))",
    ),
    (
        43,
        2,
        "(+ (cast<int32> ?x0) (cast<int32> (neg (cast<int32> ?x1))))",
    ),
    (
        125,
        2,
        "(+ (cast<int32x128> (get ?#4 (cast<int32x128> (call[ramp] (cast<int32> 256) (cast<int32> 1) (cast<int32> 128))))) (cast<int32x128> (call[widening_mul] (cast<int16x128> (get ?#5 (cast<int32x128> (call[ramp] (cast<int32> (* (cast<int32> ?x0) (cast<int32> 128))) (cast<int32> 1) (cast<int32> 128))))) (cast<int16x128> (call[int16x128] (cast<uint8x128> (get ?#6 (cast<int32x128> (call[ramp] (cast<int32> (* (cast<int32> (+ (cast<int32> (* (cast<int32> ?x1) (cast<int32> ?x2))) (cast<int32> ?x3))) (cast<int32> 128))) (cast<int32> 1) (cast<int32> 128))))))))))",
    ),
    (
        159,
        2,
        "(- (cast<int32> (call[max] (cast<int32> (+ (cast<int32> (call[select] (cast<bool> ?#18) (cast<int32> ?x0) (cast<int32> (call[select] (cast<bool> ?x1) (cast<int32> 0) (cast<int32> ?x2))))) (cast<int32> (* (cast<int32> (+ (cast<int32> (call[select] (cast<bool> ?x3) (cast<int32> ?x4) (cast<int32> ?x5))) (cast<int32> ?x6))) (cast<int32> ?x7))))) (cast<int32> ?x8))) (cast<int32> (call[min] (cast<int32> (+ (cast<int32> (call[select] (cast<bool> ?#19) (cast<int32> ?x9) (cast<int32> (call[select] (cast<bool> ?x1) (cast<int32> ?x2) (cast<int32> 0))))) (cast<int32> (* (cast<int32> (+ (cast<int32> (call[select] (cast<bool> ?x3) (cast<int32> ?x5) (cast<int32> ?x4))) (cast<int32> ?x6))) (cast<int32> ?x7))))) (cast<int32> ?x10))))",
    ),
    (
        166,
        2,
        "(* (cast<int32> (+ (cast<int32> (- (cast<int32> ?#2) (cast<int32> ?x0))) (cast<int32> ?x1))) (cast<int32> ?#3))",
    ),
    (
        172,
        2,
        "(* (cast<int32> (+ (cast<int32> (call[select] (cast<bool> ?x0) (cast<int32> ?x1) (cast<int32> ?x2))) (cast<int32> ?x3))) (cast<int32> ?x4))",
    ),
    (
        179,
        2,
        "(* (cast<int32> ?x0) (cast<int32> 2))",
    ),
    (
        183,
        2,
        "(/ (cast<int32> (+ (cast<int32> ?x0) (cast<int32> 1))) (cast<int32> 2))",
    ),
    (
        184,
        2,
        "(/ (cast<int32> (+ (cast<int32> ?x0) (cast<int32> ?x1))) (cast<int32> ?x2))",
    ),
    (
        190,
        2,
        "(<= (cast<int16x64> (call[int16x64] (cast<int32x64> (call[ramp] (cast<int32> 0) (cast<int32> 1) (cast<int32> 64))))) (cast<int16x64> (call[x64] (cast<int16> (call[saturating_cast] (cast<int32> (call[saturating_sub] (cast<int32> ?#1) (cast<int32> ?x0))))))))",
    ),
    (
        199,
        2,
        "(|| (cast<bool> (<= (cast<int32> 8) (cast<int32> ?x0))) (cast<bool> (== (cast<int32> (\"%\" (cast<int32> ?x0) (cast<int32> 2))) (cast<int32> 0))))",
    ),
    (
        203,
        2,
        "(if (cast<uint8x128> (get ?#1 (cast<int32x128> ?x0))) (cast<bool> (<= (cast<int16x128> (call[int16x128] (cast<int32x128> (call[ramp] (cast<int32> 0) (cast<int32> 1) (cast<int32> 128))))) (cast<int16x128> (call[x128] (cast<int16> (call[saturating_cast] (cast<int32> (call[saturating_sub] (cast<int32> ?#2) (cast<int32> 1))))))))))",
    ),
    (
        204,
        2,
        "(if (cast<uint8x64> (get ?#3 (cast<int32x64> (call[ramp] (cast<int32> (+ (cast<int32> ?x0) (cast<int32> ?x1))) (cast<int32> 1) (cast<int32> 64))))) (cast<bool> (<= (cast<int8x64> (call[int8x64] (cast<int32x64> (call[ramp] (cast<int32> 0) (cast<int32> 1) (cast<int32> 64))))) (cast<int8x64> (call[x64] (cast<int8> (call[saturating_cast] (cast<int32> (call[saturating_sub] (cast<int32> ?#4) (cast<int32> ?x2))))))))))",
    ),
    (
        229,
        2,
        "(get ?#1 (cast<int32x64> (call[ramp] (cast<int32> (+ (cast<int32> (+ (cast<int32> (* (cast<int32> ?#2) (cast<int32> ?#3))) (cast<int32> ?x0))) (cast<int32> 64))) (cast<int32> 1) (cast<int32> 64))))",
    ),
    (
        231,
        2,
        "(get ?#2 (cast<int32x128> (+ (cast<int32x128> (/ (cast<int32x128> (call[ramp] (cast<int32> ?#3) (cast<int32> 1) (cast<int32> 128))) (cast<int32x128> (call[x128] (cast<int32> ?#4))))) (cast<int32x128> (call[x128] (cast<int32> (+ (cast<int32> (* (cast<int32> (+ (cast<int32> ?#5) (cast<int32> ?x0))) (cast<int32> ?#6))) (cast<int32> ?x1))))))))",
    ),
    (
        232,
        2,
        "(get ?#2 (cast<int32x128> (call[ramp] (cast<int32> (+ (cast<int32> (* (cast<int32> (+ (cast<int32> ?#3) (cast<int32> ?x0))) (cast<int32> ?#4))) (cast<int32> ?x1))) (cast<int32> 1) (cast<int32> 128))))",
    ),
    (
        9,
        3,
        "(+ (cast<int32> (* (cast<int32> (+ (cast<int32> ?#1) (cast<int32> ?x0))) (cast<int32> 128))) (cast<int32> 64))",
    ),
    (
        11,
        3,
        "(+ (cast<int32> (* (cast<int32> ?x0) (cast<int32> 128))) (cast<int32> 128))",
    ),
    (
        12,
        3,
        "(+ (cast<int32> (* (cast<int32> ?x0) (cast<int32> 128))) (cast<int32> 256))",
    ),
    (
        14,
        3,
        "(+ (cast<int32> (* (cast<int32> ?x0) (cast<int32> 256))) (cast<int32> 128))",
    ),
    (
        15,
        3,
        "(+ (cast<int32> (* (cast<int32> ?x0) (cast<int32> 256))) (cast<int32> 256))",
    ),
    (
        47,
        3,
        "(+ (cast<int32x128> (get ?#1 (cast<int32x128> (call[ramp] (cast<int32> 0) (cast<int32> 1) (cast<int32> 128))))) (cast<int32x128> (call[widening_mul] (cast<int16x128> (get ?#2 (cast<int32x128> (call[ramp] (cast<int32> 0) (cast<int32> 1) (cast<int32> 128))))) (cast<int16x128> (call[int16x128] (cast<uint8x128> (get ?#3 (cast<int32x128> (call[ramp] (cast<int32> (* (cast<int32> (+ (cast<int32> (* (cast<int32> (+ (cast<int32> ?#4) (cast<int32> ?#5))) (cast<int32> ?#6))) (cast<int32> ?x0))) (cast<int32> 128))) (cast<int32> 1) (cast<int32> 128))))))))))",
    ),
    (
        48,
        3,
        "(+ (cast<int32x128> (get ?#1 (cast<int32x128> (call[ramp] (cast<int32> 0) (cast<int32> 1) (cast<int32> 128))))) (cast<int32x128> (call[widening_mul] (cast<int16x128> (get ?#2 (cast<int32x128> (call[ramp] (cast<int32> 128) (cast<int32> 1) (cast<int32> 128))))) (cast<int16x128> (call[int16x128] (cast<uint8x128> (get ?#3 (cast<int32x128> (call[ramp] (cast<int32> (* (cast<int32> (+ (cast<int32> (* (cast<int32> (+ (cast<int32> ?#4) (cast<int32> ?#5))) (cast<int32> ?#6))) (cast<int32> ?x0))) (cast<int32> 128))) (cast<int32> 1) (cast<int32> 128))))))))))",
    ),
    (
        49,
        3,
        "(+ (cast<int32x128> (get ?#1 (cast<int32x128> (call[ramp] (cast<int32> 0) (cast<int32> 1) (cast<int32> 128))))) (cast<int32x128> (call[widening_mul] (cast<int16x128> (get ?#2 (cast<int32x128> (call[ramp] (cast<int32> 256) (cast<int32> 1) (cast<int32> 128))))) (cast<int16x128> (call[int16x128] (cast<uint8x128> (get ?#3 (cast<int32x128> (call[ramp] (cast<int32> (* (cast<int32> (+ (cast<int32> (* (cast<int32> (+ (cast<int32> ?#4) (cast<int32> ?#5))) (cast<int32> ?#6))) (cast<int32> ?x0))) (cast<int32> 128))) (cast<int32> 1) (cast<int32> 128))))))))))",
    ),
    (
        50,
        3,
        "(+ (cast<int32x128> (get ?#2 (cast<int32x128> (call[ramp] (cast<int32> 0) (cast<int32> 1) (cast<int32> 128))))) (cast<int32x128> (call[widening_mul] (cast<int16x128> (get ?#3 (cast<int32x128> (call[ramp] (cast<int32> (+ (cast<int32> (* (cast<int32> ?x0) (cast<int32> 128))) (cast<int32> 128))) (cast<int32> 1) (cast<int32> 128))))) (cast<int16x128> (call[int16x128] (cast<uint8x128> (get ?#4 (cast<int32x128> (call[ramp] (cast<int32> (* (cast<int32> (+ (cast<int32> (* (cast<int32> (+ (cast<int32> ?#5) (cast<int32> ?#6))) (cast<int32> ?#7))) (cast<int32> ?x1))) (cast<int32> 128))) (cast<int32> 1) (cast<int32> 128))))))))))",
    ),
    (
        51,
        3,
        "(+ (cast<int32x128> (get ?#2 (cast<int32x128> (call[ramp] (cast<int32> 0) (cast<int32> 1) (cast<int32> 128))))) (cast<int32x128> (call[widening_mul] (cast<int16x128> (get ?#3 (cast<int32x128> (call[ramp] (cast<int32> (+ (cast<int32> (* (cast<int32> ?x0) (cast<int32> 128))) (cast<int32> 256))) (cast<int32> 1) (cast<int32> 128))))) (cast<int16x128> (call[int16x128] (cast<uint8x128> (get ?#4 (cast<int32x128> (call[ramp] (cast<int32> (* (cast<int32> (+ (cast<int32> (* (cast<int32> (+ (cast<int32> ?#5) (cast<int32> ?#6))) (cast<int32> ?#7))) (cast<int32> ?x1))) (cast<int32> 128))) (cast<int32> 1) (cast<int32> 128))))))))))",
    ),
    (
        52,
        3,
        "(+ (cast<int32x128> (get ?#2 (cast<int32x128> (call[ramp] (cast<int32> 0) (cast<int32> 1) (cast<int32> 128))))) (cast<int32x128> (call[widening_mul] (cast<int16x128> (get ?#3 (cast<int32x128> (call[ramp] (cast<int32> (+ (cast<int32> (* (cast<int32> ?x0) (cast<int32> 256))) (cast<int32> 128))) (cast<int32> 1) (cast<int32> 128))))) (cast<int16x128> (call[int16x128] (cast<uint8x128> (get ?#4 (cast<int32x128> (call[ramp] (cast<int32> (* (cast<int32> (+ (cast<int32> (* (cast<int32> (+ (cast<int32> ?#5) (cast<int32> ?#6))) (cast<int32> ?#7))) (cast<int32> ?x1))) (cast<int32> 128))) (cast<int32> 1) (cast<int32> 128))))))))))",
    ),
    (
        53,
        3,
        "(+ (cast<int32x128> (get ?#2 (cast<int32x128> (call[ramp] (cast<int32> 0) (cast<int32> 1) (cast<int32> 128))))) (cast<int32x128> (call[widening_mul] (cast<int16x128> (get ?#3 (cast<int32x128> (call[ramp] (cast<int32> (+ (cast<int32> (* (cast<int32> ?x0) (cast<int32> 256))) (cast<int32> 256))) (cast<int32> 1) (cast<int32> 128))))) (cast<int16x128> (call[int16x128] (cast<uint8x128> (get ?#4 (cast<int32x128> (call[ramp] (cast<int32> (* (cast<int32> (+ (cast<int32> (* (cast<int32> (+ (cast<int32> ?#5) (cast<int32> ?#6))) (cast<int32> ?#7))) (cast<int32> ?x1))) (cast<int32> 128))) (cast<int32> 1) (cast<int32> 128))))))))))",
    ),
    (
        58,
        3,
        "(+ (cast<int32x128> (get ?#2 (cast<int32x128> (call[ramp] (cast<int32> 0) (cast<int32> 1) (cast<int32> 128))))) (cast<int32x128> (call[widening_mul] (cast<int16x128> (get ?#3 (cast<int32x128> (call[ramp] (cast<int32> (* (cast<int32> (+ (cast<int32> ?#4) (cast<int32> ?x0))) (cast<int32> 128))) (cast<int32> 1) (cast<int32> 128))))) (cast<int16x128> (call[int16x128] (cast<uint8x128> (get ?#5 (cast<int32x128> (call[ramp] (cast<int32> (* (cast<int32> (+ (cast<int32> (* (cast<int32> ?#6) (cast<int32> ?#7))) (cast<int32> ?x1))) (cast<int32> 128))) (cast<int32> 1) (cast<int32> 128))))))))))",
    ),
    (
        59,
        3,
        "(+ (cast<int32x128> (get ?#2 (cast<int32x128> (call[ramp] (cast<int32> 0) (cast<int32> 1) (cast<int32> 128))))) (cast<int32x128> (call[widening_mul] (cast<int16x128> (get ?#3 (cast<int32x128> (call[ramp] (cast<int32> (* (cast<int32> ?x0) (cast<int32> 128))) (cast<int32> 1) (cast<int32> 128))))) (cast<int16x128> (call[int16x128] (cast<uint8x128> (get ?#4 (cast<int32x128> (call[ramp] (cast<int32> (* (cast<int32> (+ (cast<int32> (* (cast<int32> (+ (cast<int32> ?#5) (cast<int32> ?#6))) (cast<int32> ?#7))) (cast<int32> ?x1))) (cast<int32> 128))) (cast<int32> 1) (cast<int32> 128))))))))))",
    ),
    (
        60,
        3,
        "(+ (cast<int32x128> (get ?#2 (cast<int32x128> (call[ramp] (cast<int32> 0) (cast<int32> 1) (cast<int32> 128))))) (cast<int32x128> (call[widening_mul] (cast<int16x128> (get ?#3 (cast<int32x128> (call[ramp] (cast<int32> (* (cast<int32> ?x0) (cast<int32> 256))) (cast<int32> 1) (cast<int32> 128))))) (cast<int16x128> (call[int16x128] (cast<uint8x128> (get ?#4 (cast<int32x128> (call[ramp] (cast<int32> (* (cast<int32> (+ (cast<int32> (* (cast<int32> (+ (cast<int32> ?#5) (cast<int32> ?#6))) (cast<int32> ?#7))) (cast<int32> ?x1))) (cast<int32> 128))) (cast<int32> 1) (cast<int32> 128))))))))))",
    ),
    (
        161,
        3,
        "(- (cast<uint8x128> ?x0) (cast<int32x128> (call[widen_right_mul] (cast<int32x128> ?x1) (cast<int16x128> (call[x128] (cast<int16> (call[int16] (cast<uint8> ?#2))))))))",
    ),
    (
        181,
        3,
        "(* (cast<int32> ?x0) (cast<int32> 256))",
    ),
    (
        197,
        3,
        "(== (cast<int32> ?x0) (cast<int32> ?x1))",
    ),
    (
        200,
        3,
        "(if (cast<int32x128> (get ?x0 (cast<int32x128> (call[ramp] (cast<int32> 0) (cast<int32> 1) (cast<int32> 128))))) (cast<bool> ?x1))",
    ),
    (
        211,
        3,
        "(get ?x0 (cast<int32x128> (call[ramp] (cast<int32> (* (cast<int32> (+ (cast<int32> ?x1) (cast<int32> ?x2))) (cast<int32> 128))) (cast<int32> 1) (cast<int32> 128))))",
    ),
    (
        214,
        3,
        "(get ?x0 (cast<int32x128> (call[ramp] (cast<int32> ?x1) (cast<int32> 1) (cast<int32> 128))))",
    ),
    (
        230,
        3,
        "(get ?#1 (cast<int32x64> (call[ramp] (cast<int32> (+ (cast<int32> (* (cast<int32> ?#2) (cast<int32> ?#3))) (cast<int32> ?x0))) (cast<int32> 1) (cast<int32> 64))))",
    ),
    (
        24,
        4,
        "(+ (cast<int32> (call[select] (cast<bool> ?x0) (cast<int32> 0) (cast<int32> ?x1))) (cast<int32> (* (cast<int32> (+ (cast<int32> (call[select] (cast<bool> ?x2) (cast<int32> 0) (cast<int32> (+ (cast<int32> ?x3) (cast<int32> (neg (cast<int32> 1))))))) (cast<int32> ?x4))) (cast<int32> ?x5))))",
    ),
    (
        41,
        4,
        "(+ (cast<int32> ?x0) (cast<int32> (neg (cast<int32> 1))))",
    ),
    (
        154,
        4,
        "(- (cast<int32> (call[max] (cast<int32> (+ (cast<int32> (call[select] (cast<bool> ?x0) (cast<int32> ?x1) (cast<int32> (call[select] (cast<bool> ?x2) (cast<int32> 0) (cast<int32> ?x3))))) (cast<int32> (* (cast<int32> (+ (cast<int32> (call[select] (cast<bool> ?x4) (cast<int32> 0) (cast<int32> (+ (cast<int32> ?x5) (cast<int32> (neg (cast<int32> 1))))))) (cast<int32> ?x6))) (cast<int32> ?x7))))) (cast<int32> ?x8))) (cast<int32> (call[min] (cast<int32> (+ (cast<int32> (call[select] (cast<bool> ?x0) (cast<int32> ?x9) (cast<int32> (call[select] (cast<bool> ?x2) (cast<int32> ?x3) (cast<int32> 0))))) (cast<int32> (* (cast<int32> (+ (cast<int32> (+ (cast<int32> (call[select] (cast<bool> ?x4) (cast<int32> ?x5) (cast<int32> 1))) (cast<int32> ?x6))) (cast<int32> (neg (cast<int32> 1))))) (cast<int32> ?x7))))) (cast<int32> ?x10))))",
    ),
    (
        163,
        4,
        "(* (cast<int32> (+ (cast<int32> (+ (cast<int32> (call[select] (cast<bool> ?x0) (cast<int32> ?x1) (cast<int32> 1))) (cast<int32> ?x2))) (cast<int32> (neg (cast<int32> 1))))) (cast<int32> ?x3))",
    ),
    (
        180,
        4,
        "(* (cast<int32> ?x0) (cast<int32> 128))",
    ),
    (
        192,
        4,
        "(<= (cast<int32> ?x0) (cast<int32> ?x1))",
    ),
    (
        19,
        6,
        "(+ (cast<int32> (* (cast<int32> ?x0) (cast<int32> ?x1))) (cast<int32> (+ (cast<int32> (* (cast<int32> ?#5) (cast<int32> ?x2))) (cast<int32> (* (cast<int32> ?x3) (cast<int32> ?x4))))))",
    ),
    (
        37,
        6,
        "(+ (cast<int32> (call[select] (cast<bool> ?x0) (cast<int32> ?x1) (cast<int32> ?x2))) (cast<int32> ?x3))",
    ),
    (
        42,
        6,
        "(+ (cast<int32> ?x0) (cast<int32> (neg (cast<int32> 2))))",
    ),
    (
        152,
        6,
        "(- (cast<int32> (* (cast<int32> ?x0) (cast<int32> 2))) (cast<int32> ?x1))",
    ),
    (
        174,
        6,
        "(* (cast<int32> (+ (cast<int32> ?x0) (cast<int32> (neg (cast<int32> 1))))) (cast<int32> ?x1))",
    ),
    (
        177,
        6,
        "(* (cast<int32> (call[max] (cast<int32> ?x0) (cast<int32> 0))) (cast<int32> 2))",
    ),
    (
        178,
        6,
        "(* (cast<int32> (call[min] (cast<int32> ?x0) (cast<int32> 0))) (cast<int32> 2))",
    ),
    (
        21,
        7,
        "(+ (cast<int32> (* (cast<int32> ?x0) (cast<int32> ?x1))) (cast<int32> ?x2))",
    ),
    (
        151,
        7,
        "(- (cast<int32> (* (cast<int32> (+ (cast<int32> ?x0) (cast<int32> ?x1))) (cast<int32> ?x2))) (cast<int32> ?x3))",
    ),
    (
        198,
        7,
        "(&& (cast<bool> ?x0) (cast<bool> ?x1))",
    ),
    (
        74,
        8,
        "(+ (cast<int32x128> (get ?#2 (cast<int32x128> (call[ramp] (cast<int32> 256) (cast<int32> 1) (cast<int32> 128))))) (cast<int32x128> (call[widening_mul] (cast<int16x128> (get ?#3 (cast<int32x128> (call[ramp] (cast<int32> ?x0) (cast<int32> 1) (cast<int32> 128))))) (cast<int16x128> (call[int16x128] (cast<uint8x128> (get ?#4 (cast<int32x128> (call[ramp] (cast<int32> (* (cast<int32> (+ (cast<int32> (* (cast<int32> (+ (cast<int32> ?#5) (cast<int32> ?#6))) (cast<int32> ?#7))) (cast<int32> ?x1))) (cast<int32> 128))) (cast<int32> 1) (cast<int32> 128))))))))))",
    ),
    (
        176,
        8,
        "(* (cast<int32> (+ (cast<int32> ?x0) (cast<int32> ?x1))) (cast<int32> ?x2))",
    ),
    (
        68,
        9,
        "(+ (cast<int32x128> (get ?#2 (cast<int32x128> (call[ramp] (cast<int32> 128) (cast<int32> 1) (cast<int32> 128))))) (cast<int32x128> (call[widening_mul] (cast<int16x128> (get ?#3 (cast<int32x128> (call[ramp] (cast<int32> ?x0) (cast<int32> 1) (cast<int32> 128))))) (cast<int16x128> (call[int16x128] (cast<uint8x128> (get ?#4 (cast<int32x128> (call[ramp] (cast<int32> (* (cast<int32> (+ (cast<int32> (* (cast<int32> (+ (cast<int32> (+ (cast<int32> ?#5) (cast<int32> ?#6))) (cast<int32> 1))) (cast<int32> ?#7))) (cast<int32> ?x1))) (cast<int32> 128))) (cast<int32> 1) (cast<int32> 128))))))))))",
    ),
    (
        80,
        9,
        "(+ (cast<int32x128> (get ?#2 (cast<int32x128> (call[ramp] (cast<int32> 384) (cast<int32> 1) (cast<int32> 128))))) (cast<int32x128> (call[widening_mul] (cast<int16x128> (get ?#3 (cast<int32x128> (call[ramp] (cast<int32> ?x0) (cast<int32> 1) (cast<int32> 128))))) (cast<int16x128> (call[int16x128] (cast<uint8x128> (get ?#4 (cast<int32x128> (call[ramp] (cast<int32> (* (cast<int32> (+ (cast<int32> (* (cast<int32> (+ (cast<int32> (+ (cast<int32> ?#5) (cast<int32> ?#6))) (cast<int32> 1))) (cast<int32> ?#7))) (cast<int32> ?x1))) (cast<int32> 128))) (cast<int32> 1) (cast<int32> 128))))))))))",
    ),
    (
        194,
        9,
        "(<= ?x0 ?x1)",
    ),
    (
        175,
        10,
        "(* (cast<int32> (+ (cast<int32> ?x0) (cast<int32> ?x1))) (cast<int32> 128))",
    ),
    (
        196,
        10,
        "(== (cast<int32> ?x0) (cast<int32> 3))",
    ),
    (
        188,
        12,
        "(< (cast<int32> ?x0) (cast<int32> 0))",
    ),
    (
        207,
        12,
        "(get ?x0 (cast<int32x128> (call[ramp] (cast<int32> 0) (cast<int32> 1) (cast<int32> 128))))",
    ),
    (
        8,
        19,
        "(+ (cast<int32> (* (cast<int32> (+ (cast<int32> ?x0) (cast<int32> ?x1))) (cast<int32> ?x2))) (cast<int32> ?x3))",
    ),
    (
        39,
        19,
        "(+ (cast<int32> ?x0) (cast<int32> 1))",
    ),
    (
        182,
        20,
        "(* (cast<int32> ?x0) (cast<int32> ?x1))",
    ),
    (
        45,
        42,
        "(+ (cast<int32> ?x0) (cast<int32> ?x1))",
    ),
    (
        160,
        43,
        "(- (cast<int32> ?x0) (cast<int32> ?x1))",
    ),
]
