---
source: tests/tests.rs
description: generate isa for add
---
[
    (
        4,
        1,
        "(+ (cast<int32> ?x0) (cast<int32> 1))",
    ),
    (
        18,
        1,
        "(- (cast<int32> ?x0) (cast<int32> ?x1))",
    ),
    (
        27,
        1,
        "(<= ?x0 ?x1)",
    ),
    (
        0,
        2,
        "(+ (cast<int32> (* (cast<int32> ?x0) (cast<int32> 128))) (cast<int32> ?x1))",
    ),
    (
        1,
        2,
        "(+ (cast<int32> (* (cast<int32> ?x0) (cast<int32> ?x1))) (cast<int32> (- (cast<int32> (- (cast<int32> ?x2) (cast<int32> ?x3))) (cast<int32> ?x4))))",
    ),
    (
        3,
        2,
        "(+ (cast<int32> (* (cast<int32> ?#2) (cast<int32> 128))) (cast<int32> (+ (cast<int32> (* (cast<int32> ?x0) (cast<int32> ?#3))) (cast<int32> ?x1))))",
    ),
    (
        8,
        2,
        "(+ (cast<int32x128> (call[widening_mul] (cast<int16x128> (- (cast<int16x128> (call[shift_left] (cast<int16x128> (call[int16x128] (cast<uint8x128> ?x0))) (cast<uint16x128> (call[x128] (cast<uint16> 6))))) (cast<int16x128> (call[x128] (cast<int16> (* (cast<int16> (call[int16] (cast<uint8> ?#2))) (cast<int16> 64))))))) (cast<int16x128> (call[x128] (cast<int16> ?#3))))) (cast<int32x128> (call[widening_mul] (cast<int16x128> (- (cast<int16x128> (call[shift_left] (cast<int16x128> (call[int16x128] (cast<uint8x128> ?x1))) (cast<uint16x128> (call[x128] (cast<uint16> 6))))) (cast<int16x128> (call[x128] (cast<int16> (* (cast<int16> (call[int16] (cast<uint8> ?#4))) (cast<int16> 64))))))) (cast<int16x128> (call[x128] (cast<int16> ?#5))))))",
    ),
    (
        9,
        2,
        "(+ (cast<int32x128> (call[widening_mul] (cast<int16x128> (- (cast<int16x128> (call[shift_left] (cast<int16x128> (call[int16x128] (cast<uint8x128> ?x0))) (cast<uint16x128> (call[x128] (cast<uint16> 6))))) (cast<int16x128> (call[x128] (cast<int16> (* (cast<int16> (call[int16] (cast<uint8> ?#2))) (cast<int16> 64))))))) (cast<int16x128> (call[x128] (cast<int16> ?#3))))) (cast<int32x128> (call[x128] (cast<int32> (call[widening_mul] (cast<int16> (* (cast<int16> (- (cast<int16> (call[int16] (cast<uint8> (get ?#4 (cast<int32> ?x1))))) (cast<int16> (call[int16] (cast<uint8> ?#5))))) (cast<int16> 64))) (cast<int16> ?#6))))))",
    ),
    (
        16,
        2,
        "(- (cast<int32> 0) (cast<int32> ?x0))",
    ),
    (
        28,
        2,
        "(== (cast<int32> ?#1) (cast<int32> ?x0))",
    ),
    (
        17,
        3,
        "(- (cast<int32> (- (cast<int32> ?x0) (cast<int32> ?x1))) (cast<int32> ?x2))",
    ),
    (
        26,
        3,
        "(<= (cast<int16x128> (call[int16x128] (cast<int32x128> (call[ramp] (cast<int32> 0) (cast<int32> 1) (cast<int32> 128))))) (cast<int16x128> (call[x128] (cast<int16> (call[saturating_cast] (cast<int32> (call[saturating_sub] (cast<int32> ?x0) (cast<int32> (+ (cast<int32> ?x1) (cast<int32> 1))))))))))",
    ),
    (
        29,
        3,
        "(if (cast<uint8x128> (get ?x0 (cast<int32x128> (call[ramp] (cast<int32> (+ (cast<int32> (* (cast<int32> ?x1) (cast<int32> ?x2))) (cast<int32> (- (cast<int32> (- (cast<int32> ?x3) (cast<int32> ?x4))) (cast<int32> ?x5))))) (cast<int32> 1) (cast<int32> 128))))) (cast<bool> ?x6))",
    ),
    (
        32,
        3,
        "(get ?x0 (cast<int32x128> (call[ramp] (cast<int32> (+ (cast<int32> (* (cast<int32> ?#3) (cast<int32> 128))) (cast<int32> (+ (cast<int32> (* (cast<int32> ?x1) (cast<int32> ?#4))) (cast<int32> ?x2))))) (cast<int32> 1) (cast<int32> 128))))",
    ),
    (
        24,
        7,
        "(* (cast<int32> ?x0) (cast<int32> ?x1))",
    ),
    (
        5,
        8,
        "(+ (cast<int32> ?x0) (cast<int32> ?x1))",
    ),
]
