---
source: tests/common/mod.rs
description: generate isa for conv_nn
---
(
    BestIsa {
      0: (neg (cast<int32> ?x0))
      331: (+ ?x0 ?x1)
      393: (- ?x0 ?x1)
      451: (* ?x0 ?x1)
      461: (/ (cast<int32> ?x0) (cast<int32> ?x1))
      462: (% (cast<int32> ?#0) (cast<int32> ?#1))
      463: (< (cast<int32> ?#0) (cast<int32> ?#1))
      466: (<= ?x0 ?x1)
      472: (== ?x0 ?x1)
      474: (!= ?x0 ?x1)
      483: (&& (cast<bool> ?x0) (cast<bool> ?x1))
      491: (get ?x0 ?x1)
      492: (get ?#0 ?#1 ?#2)
    }
    ,
    [
        (
            i463,
            1,
            "(< (cast<int32> ?#0) (cast<int32> ?#1))",
        ),
        (
            i492,
            1,
            "(get ?#0 ?#1 ?#2)",
        ),
        (
            i474,
            2,
            "(!= ?x0 ?x1)",
        ),
        (
            i462,
            9,
            "(\"%\" (cast<int32> ?#0) (cast<int32> ?#1))",
        ),
        (
            i466,
            12,
            "(<= ?x0 ?x1)",
        ),
        (
            i483,
            24,
            "(&& (cast<bool> ?x0) (cast<bool> ?x1))",
        ),
        (
            i461,
            30,
            "(/ (cast<int32> ?x0) (cast<int32> ?x1))",
        ),
        (
            i472,
            35,
            "(== ?x0 ?x1)",
        ),
        (
            i0,
            101,
            "(neg (cast<int32> ?x0))",
        ),
        (
            i393,
            203,
            "(- ?x0 ?x1)",
        ),
        (
            i491,
            392,
            "(get ?x0 ?x1)",
        ),
        (
            i331,
            1508,
            "(+ ?x0 ?x1)",
        ),
        (
            i451,
            1657,
            "(* ?x0 ?x1)",
        ),
    ],
)
