---
source: tests/common/mod.rs
description: generate isa for softmax
---
(
    MinimalIsa {
      0: (neg (cast<int32> ?x0))
      30: (+ ?x0 ?x1)
      50: (- ?x0 ?x1)
      59: (* ?x0 ?x1)
      61: (/ (cast<int32> ?x0) (cast<int32> ?x1))
      62: (% (cast<int32> ?x0) (cast<int32> 128))
      64: (<= ?#0 ?#1)
      65: (!= (cast<int32> (% (cast<int32> ?x0) (cast<int32> 128))) (cast<int32> 0))
      70: (get ?x0 ?x1)
      71: (get ?#0 ?#1 ?#2)
    }
    ,
    [
        (
            i62,
            2,
            "(\"%\" (cast<int32> ?x0) (cast<int32> 128))",
        ),
        (
            i65,
            3,
            "(!= (cast<int32> (\"%\" (cast<int32> ?x0) (cast<int32> 128))) (cast<int32> 0))",
        ),
        (
            i71,
            14,
            "(get ?#0 ?#1 ?#2)",
        ),
        (
            i64,
            15,
            "(<= ?#0 ?#1)",
        ),
        (
            i61,
            56,
            "(/ (cast<int32> ?x0) (cast<int32> ?x1))",
        ),
        (
            i0,
            98,
            "(neg (cast<int32> ?x0))",
        ),
        (
            i50,
            226,
            "(- ?x0 ?x1)",
        ),
        (
            i59,
            285,
            "(* ?x0 ?x1)",
        ),
        (
            i70,
            288,
            "(get ?x0 ?x1)",
        ),
        (
            i30,
            351,
            "(+ ?x0 ?x1)",
        ),
    ],
)
