---
source: tests/common/mod.rs
description: generate isa for max_pool
---
(
    MinimalIsa {
      0: (neg (cast<int32> ?x0))
      31: (+ (cast<int32> ?x0) (cast<int32> ?x1))
      42: (- (cast<int32> ?x0) (cast<int32> ?x1))
      45: (* (cast<int32> ?x0) (cast<int32> ?x1))
      47: (/ (cast<int32> (+ (cast<int32> ?#2) (cast<int32> ?x0))) (cast<int32> ?x1))
      49: (<= (cast<int32> ?x0) (cast<int32> ?#1))
      56: (get ?x0 ?x1)
    }
    ,
    [
        (
            i47,
            3,
            "(/ (cast<int32> (+ (cast<int32> ?#2) (cast<int32> ?x0))) (cast<int32> ?x1))",
        ),
        (
            i49,
            3,
            "(<= (cast<int32> ?x0) (cast<int32> ?#1))",
        ),
        (
            i0,
            6,
            "(neg (cast<int32> ?x0))",
        ),
        (
            i56,
            12,
            "(get ?x0 ?x1)",
        ),
        (
            i42,
            72,
            "(- (cast<int32> ?x0) (cast<int32> ?x1))",
        ),
        (
            i45,
            94,
            "(* (cast<int32> ?x0) (cast<int32> ?x1))",
        ),
        (
            i31,
            118,
            "(+ (cast<int32> ?x0) (cast<int32> ?x1))",
        ),
    ],
)
