---
source: tests/common/mod.rs
description: generate isa for average_pool
---
[
    (
        2,
        1,
        "(+ (cast<int32> (* (cast<int32> (+ (cast<int32> ?x0) (cast<int32> (+ (cast<int32> (* (cast<int32> ?x1) (cast<int32> (+ (cast<int32> ?x2) (cast<int32> ?x3))))) (cast<int32> (call[max] (cast<int32> (call[min] (cast<int32> (- (cast<int32> ?x4) (cast<int32> (* (cast<int32> ?x1) (cast<int32> (+ (cast<int32> ?x2) (cast<int32> ?x3))))))) (cast<int32> ?x5))) (cast<int32> 0))))))) (cast<int32> ?x6))) (cast<int32> (+ (cast<int32> ?x7) (cast<int32> (+ (cast<int32> ?x8) (cast<int32> ?x9))))))",
    ),
    (
        8,
        1,
        "(+ (cast<int32> (* (cast<int32> ?x0) (cast<int32> (+ (cast<int32> ?x1) (cast<int32> ?x2))))) (cast<int32> (- (cast<int32> (- (cast<int32> (- (cast<int32> (- (cast<int32> ?#8) (cast<int32> (* (cast<int32> ?#9) (cast<int32> ?x3))))) (cast<int32> (* (cast<int32> ?x4) (cast<int32> ?x5))))) (cast<int32> (* (cast<int32> ?x6) (cast<int32> ?x7))))) (cast<int32> ?#10))))",
    ),
    (
        28,
        1,
        "(+ (cast<int32> ?x0) (cast<int32> (+ (cast<int32> (* (cast<int32> ?#1) (cast<int32> (+ (cast<int32> ?#2) (cast<int32> ?#3))))) (cast<int32> (+ (cast<int32> (* (cast<int32> ?#4) (cast<int32> (+ (cast<int32> ?#5) (cast<int32> ?#6))))) (cast<int32> (+ (cast<int32> (* (cast<int32> ?#7) (cast<int32> (+ (cast<int32> ?#8) (cast<int32> ?#9))))) (cast<int32> (- (cast<int32> (- (cast<int32> (- (cast<int32> (- (cast<int32> ?#10) (cast<int32> (* (cast<int32> ?#11) (cast<int32> ?#12))))) (cast<int32> (* (cast<int32> ?#13) (cast<int32> ?#14))))) (cast<int32> (* (cast<int32> ?#15) (cast<int32> ?#16))))) (cast<int32> ?#17))))))))))",
    ),
    (
        34,
        1,
        "(+ ?x0 ?x1)",
    ),
    (
        16,
        2,
        "(+ (cast<int32> (call[min] (cast<int32> (* (cast<int32> ?#2) (cast<int32> 128))) (cast<int32> (+ (cast<int32> ?#3) (cast<int32> (neg (cast<int32> 128))))))) (cast<int32> (+ (cast<int32> (* (cast<int32> ?x0) (cast<int32> (+ (cast<int32> ?#4) (cast<int32> ?#5))))) (cast<int32> ?x1))))",
    ),
    (
        17,
        2,
        "(+ (cast<int32> (call[min] (cast<int32> (* (cast<int32> ?#2) (cast<int32> 256))) (cast<int32> (+ (cast<int32> ?#3) (cast<int32> (neg (cast<int32> 256))))))) (cast<int32> (+ (cast<int32> (* (cast<int32> ?x0) (cast<int32> (+ (cast<int32> ?#4) (cast<int32> ?#5))))) (cast<int32> ?x1))))",
    ),
    (
        18,
        2,
        "(+ (cast<int32> (call[min] (cast<int32> (* (cast<int32> ?#2) (cast<int32> 512))) (cast<int32> (+ (cast<int32> ?#3) (cast<int32> (neg (cast<int32> 512))))))) (cast<int32> (+ (cast<int32> (* (cast<int32> ?x0) (cast<int32> (+ (cast<int32> ?#4) (cast<int32> ?#5))))) (cast<int32> ?x1))))",
    ),
    (
        23,
        3,
        "(+ (cast<int32> ?x0) (cast<int32> (+ (cast<int32> (* (cast<int32> ?x1) (cast<int32> (+ (cast<int32> ?x2) (cast<int32> ?x3))))) (cast<int32> (- (cast<int32> (- (cast<int32> (- (cast<int32> (- (cast<int32> ?#9) (cast<int32> (* (cast<int32> ?#10) (cast<int32> ?x4))))) (cast<int32> (* (cast<int32> ?x5) (cast<int32> ?x6))))) (cast<int32> (* (cast<int32> ?x7) (cast<int32> ?x8))))) (cast<int32> ?#11))))))",
    ),
    (
        36,
        3,
        "(- (cast<int32> (- (cast<int32> (- (cast<int32> (- (cast<int32> ?#5) (cast<int32> (* (cast<int32> ?#6) (cast<int32> ?x0))))) (cast<int32> (* (cast<int32> ?x1) (cast<int32> ?x2))))) (cast<int32> (* (cast<int32> ?x3) (cast<int32> ?x4))))) (cast<int32> ?#7))",
    ),
    (
        55,
        3,
        "(<= (cast<int32> ?x0) (cast<int32> ?#1))",
    ),
    (
        57,
        3,
        "(get ?x0 (cast<int32> ?x1))",
    ),
    (
        58,
        3,
        "(get ?x0 (cast<int32x128> (call[ramp] (cast<int32> ?x1) (cast<int32> 1) (cast<int32> 128))))",
    ),
    (
        59,
        3,
        "(get ?x0 (cast<int32x256> (call[ramp] (cast<int32> ?x1) (cast<int32> 1) (cast<int32> 256))))",
    ),
    (
        60,
        3,
        "(get ?x0 (cast<int32x512> (call[ramp] (cast<int32> ?x1) (cast<int32> 1) (cast<int32> 512))))",
    ),
    (
        48,
        7,
        "(* (cast<int32> (+ (cast<int32> ?x0) (cast<int32> (+ (cast<int32> (* (cast<int32> ?x1) (cast<int32> (+ (cast<int32> ?x2) (cast<int32> ?x3))))) (cast<int32> (call[max] (cast<int32> (call[min] (cast<int32> (- (cast<int32> ?x4) (cast<int32> (* (cast<int32> ?x1) (cast<int32> (+ (cast<int32> ?x2) (cast<int32> ?x3))))))) (cast<int32> ?x5))) (cast<int32> 0))))))) (cast<int32> ?x6))",
    ),
    (
        52,
        7,
        "(/ (cast<int32> (+ (cast<int32> ?x0) (cast<int32> ?x1))) (cast<int32> ?x2))",
    ),
    (
        41,
        8,
        "(- (cast<int32> (call[max] (cast<int32> (call[max] (cast<int32> (call[min] (cast<int32> (- (cast<int32> ?x0) (cast<int32> (* (cast<int32> ?x1) (cast<int32> (+ (cast<int32> ?x2) (cast<int32> ?x3))))))) (cast<int32> ?x4))) (cast<int32> (call[min] (cast<int32> (- (cast<int32> (+ (cast<int32> ?x5) (cast<int32> ?x0))) (cast<int32> (* (cast<int32> ?x1) (cast<int32> (+ (cast<int32> ?x2) (cast<int32> ?x3))))))) (cast<int32> ?x4))))) (cast<int32> 0))) (cast<int32> (call[max] (cast<int32> (call[min] (cast<int32> (- (cast<int32> ?x0) (cast<int32> (* (cast<int32> ?x1) (cast<int32> (+ (cast<int32> ?x2) (cast<int32> ?x3))))))) (cast<int32> ?x4))) (cast<int32> 0))))",
    ),
    (
        32,
        9,
        "(+ (cast<int32> ?x0) (cast<int32> ?x1))",
    ),
    (
        50,
        15,
        "(* (cast<int32> ?x0) (cast<int32> ?x1))",
    ),
    (
        42,
        16,
        "(- (cast<int32> (call[min] (cast<int32> (+ (cast<int32> ?x0) (cast<int32> (* (cast<int32> ?x1) (cast<int32> (+ (cast<int32> ?x2) (cast<int32> ?x3))))))) (cast<int32> (+ (cast<int32> ?x4) (cast<int32> ?x5))))) (cast<int32> (call[max] (cast<int32> ?x5) (cast<int32> (* (cast<int32> ?x1) (cast<int32> (+ (cast<int32> ?x2) (cast<int32> ?x3))))))))",
    ),
]
