---
source: tests/common/mod.rs
description: generate isa for mul
---
(
    MinimalIsa {
      10: (+ (cast<int32> ?x0) (cast<int32> ?x1))
      21: (- ?x0 ?x1)
      27: (* ?x0 ?x1)
      28: (/ (cast<int32> ?#0) (cast<int32> ?#1))
      29: (% (cast<int32> ?#0) (cast<int32> ?#1))
      30: (<= ?x0 ?x1)
      31: (== (cast<int32> ?#0) (cast<int32> ?#1))
      32: (!= (cast<int32> ?#0) (cast<int32> ?#1))
      34: (get
            ?x0
            (cast<int32x128>
              (call[ramp]
                (cast<int32>
                  (+
                    (cast<int32>
                      (* (cast<int32> ?x1) (cast<int32> (+ (cast<int32> ?#7) (cast<int32> ?#8)))))
                    (cast<int32>
                      (-
                        (cast<int32>
                          (-
                            (cast<int32>
                              (+
                                (cast<int32>
                                  (* (cast<int32> (/ (cast<int32> ?#9) (cast<int32> 128))) (cast<int32> 128)))
                                (cast<int32> ?#10)))
                            (cast<int32> (* (cast<int32> ?x2) (cast<int32> ?x1)))))
                        (cast<int32> ?x3)))))
                (cast<int32> 1)
                (cast<int32> 128)))
            (cast<bool> (<= ?x4 ?x5)))
      37: (get ?x0 ?x1)
    }
    ,
    [
        (
            i29,
            2,
            "(\"%\" (cast<int32> ?#0) (cast<int32> ?#1))",
        ),
        (
            i30,
            2,
            "(<= ?x0 ?x1)",
        ),
        (
            i31,
            2,
            "(== (cast<int32> ?#0) (cast<int32> ?#1))",
        ),
        (
            i32,
            2,
            "(!= (cast<int32> ?#0) (cast<int32> ?#1))",
        ),
        (
            i34,
            3,
            "(get ?x0 (cast<int32x128> (call[ramp] (cast<int32> (+ (cast<int32> (* (cast<int32> ?x1) (cast<int32> (+ (cast<int32> ?#7) (cast<int32> ?#8))))) (cast<int32> (- (cast<int32> (- (cast<int32> (+ (cast<int32> (* (cast<int32> (/ (cast<int32> ?#9) (cast<int32> 128))) (cast<int32> 128))) (cast<int32> ?#10))) (cast<int32> (* (cast<int32> ?x2) (cast<int32> ?x1))))) (cast<int32> ?x3))))) (cast<int32> 1) (cast<int32> 128))) (cast<bool> (<= ?x4 ?x5)))",
        ),
        (
            i37,
            5,
            "(get ?x0 ?x1)",
        ),
        (
            i28,
            9,
            "(/ (cast<int32> ?#0) (cast<int32> ?#1))",
        ),
        (
            i21,
            22,
            "(- ?x0 ?x1)",
        ),
        (
            i27,
            36,
            "(* ?x0 ?x1)",
        ),
        (
            i10,
            38,
            "(+ (cast<int32> ?x0) (cast<int32> ?x1))",
        ),
    ],
)
